Archive member included to satisfy reference by file (symbol)

C:\Users\kkorn\Documents\MCUXpressoIDE_11.2.1_4149\workspace\ODP_MeansViewUSB\libs\libpower_hardabi.a(fsl_power_lib.o)
                              ./drivers/fsl_clock.o (POWER_SetVoltageForFreq)
d:/programy/mcuxpressoide_11.2.1_4149/ide/plugins/com.nxp.mcuxpresso.tools.win32_11.2.0.202008311134/tools/bin/../lib/gcc/arm-none-eabi/9.2.1/../../../../arm-none-eabi/lib/thumb/v8-m.main+fp/hard\libcr_semihost_nf.a(_cr__main.o)
                              ./startup/startup_lpc55s69_cm33_core0.o (__main)
d:/programy/mcuxpressoide_11.2.1_4149/ide/plugins/com.nxp.mcuxpresso.tools.win32_11.2.0.202008311134/tools/bin/../lib/gcc/arm-none-eabi/9.2.1/../../../../arm-none-eabi/lib/thumb/v8-m.main+fp/hard\libcr_semihost_nf.a(_cr_assert.o)
                              ./utilities/fsl_debug_console.o (__assertion_failed)
d:/programy/mcuxpressoide_11.2.1_4149/ide/plugins/com.nxp.mcuxpresso.tools.win32_11.2.0.202008311134/tools/bin/../lib/gcc/arm-none-eabi/9.2.1/../../../../arm-none-eabi/lib/thumb/v8-m.main+fp/hard\libcr_semihost_nf.a(__ciob.o)
                              d:/programy/mcuxpressoide_11.2.1_4149/ide/plugins/com.nxp.mcuxpresso.tools.win32_11.2.0.202008311134/tools/bin/../lib/gcc/arm-none-eabi/9.2.1/../../../../arm-none-eabi/lib/thumb/v8-m.main+fp/hard\libcr_semihost_nf.a(_cr_assert.o) (__Ciob)
d:/programy/mcuxpressoide_11.2.1_4149/ide/plugins/com.nxp.mcuxpresso.tools.win32_11.2.0.202008311134/tools/bin/../lib/gcc/arm-none-eabi/9.2.1/../../../../arm-none-eabi/lib/thumb/v8-m.main+fp/hard\libcr_semihost_nf.a(__sys_appexit.o)
                              d:/programy/mcuxpressoide_11.2.1_4149/ide/plugins/com.nxp.mcuxpresso.tools.win32_11.2.0.202008311134/tools/bin/../lib/gcc/arm-none-eabi/9.2.1/../../../../arm-none-eabi/lib/thumb/v8-m.main+fp/hard\libcr_semihost_nf.a(_cr_assert.o) (__sys_appexit)
d:/programy/mcuxpressoide_11.2.1_4149/ide/plugins/com.nxp.mcuxpresso.tools.win32_11.2.0.202008311134/tools/bin/../lib/gcc/arm-none-eabi/9.2.1/../../../../arm-none-eabi/lib/thumb/v8-m.main+fp/hard\libcr_c.a(memcpy.o)
                              ./utilities/fsl_str.o (memcpy)
d:/programy/mcuxpressoide_11.2.1_4149/ide/plugins/com.nxp.mcuxpresso.tools.win32_11.2.0.202008311134/tools/bin/../lib/gcc/arm-none-eabi/9.2.1/../../../../arm-none-eabi/lib/thumb/v8-m.main+fp/hard\libcr_c.a(memset.o)
                              ./utilities/fsl_debug_console.o (memset)
d:/programy/mcuxpressoide_11.2.1_4149/ide/plugins/com.nxp.mcuxpresso.tools.win32_11.2.0.202008311134/tools/bin/../lib/gcc/arm-none-eabi/9.2.1/../../../../arm-none-eabi/lib/thumb/v8-m.main+fp/hard\libcr_c.a(_deferredlazyseek.o)
                              d:/programy/mcuxpressoide_11.2.1_4149/ide/plugins/com.nxp.mcuxpresso.tools.win32_11.2.0.202008311134/tools/bin/../lib/gcc/arm-none-eabi/9.2.1/../../../../arm-none-eabi/lib/thumb/v8-m.main+fp/hard\libcr_semihost_nf.a(_cr_assert.o) (__flsbuf)
d:/programy/mcuxpressoide_11.2.1_4149/ide/plugins/com.nxp.mcuxpresso.tools.win32_11.2.0.202008311134/tools/bin/../lib/gcc/arm-none-eabi/9.2.1/../../../../arm-none-eabi/lib/thumb/v8-m.main+fp/hard\libcr_c.a(_fflush.o)
                              d:/programy/mcuxpressoide_11.2.1_4149/ide/plugins/com.nxp.mcuxpresso.tools.win32_11.2.0.202008311134/tools/bin/../lib/gcc/arm-none-eabi/9.2.1/../../../../arm-none-eabi/lib/thumb/v8-m.main+fp/hard\libcr_c.a(_deferredlazyseek.o) (_fflush)
d:/programy/mcuxpressoide_11.2.1_4149/ide/plugins/com.nxp.mcuxpresso.tools.win32_11.2.0.202008311134/tools/bin/../lib/gcc/arm-none-eabi/9.2.1/../../../../arm-none-eabi/lib/thumb/v8-m.main+fp/hard\libcr_c.a(_writebuf.o)
                              d:/programy/mcuxpressoide_11.2.1_4149/ide/plugins/com.nxp.mcuxpresso.tools.win32_11.2.0.202008311134/tools/bin/../lib/gcc/arm-none-eabi/9.2.1/../../../../arm-none-eabi/lib/thumb/v8-m.main+fp/hard\libcr_c.a(_deferredlazyseek.o) (_Cwritebuf)
d:/programy/mcuxpressoide_11.2.1_4149/ide/plugins/com.nxp.mcuxpresso.tools.win32_11.2.0.202008311134/tools/bin/../lib/gcc/arm-none-eabi/9.2.1/../../../../arm-none-eabi/lib/thumb/v8-m.main+fp/hard\libcr_c.a(alloc.o)
                              ./drivers/fsl_common.o (malloc)
d:/programy/mcuxpressoide_11.2.1_4149/ide/plugins/com.nxp.mcuxpresso.tools.win32_11.2.0.202008311134/tools/bin/../lib/gcc/arm-none-eabi/9.2.1/../../../../arm-none-eabi/lib/thumb/v8-m.main+fp/hard\libcr_c.a(fputs.o)
                              d:/programy/mcuxpressoide_11.2.1_4149/ide/plugins/com.nxp.mcuxpresso.tools.win32_11.2.0.202008311134/tools/bin/../lib/gcc/arm-none-eabi/9.2.1/../../../../arm-none-eabi/lib/thumb/v8-m.main+fp/hard\libcr_semihost_nf.a(_cr_assert.o) (fputs)
d:/programy/mcuxpressoide_11.2.1_4149/ide/plugins/com.nxp.mcuxpresso.tools.win32_11.2.0.202008311134/tools/bin/../lib/gcc/arm-none-eabi/9.2.1/../../../../arm-none-eabi/lib/thumb/v8-m.main+fp/hard\libcr_c.a(fseek.o)
[...]
Memory Configuration

Name             Origin             Length             Attributes
PROGRAM_FLASH    0x00000000         0x00098000         xr
SRAM             0x20000000         0x00040000         xrw
SRAM4            0x20040000         0x00004000         xrw
SRAMX            0x04000000         0x00008000         xrw
USB_RAM          0x40100000         0x00004000         xrw
*default*        0x00000000         0xffffffff

Linker script and memory map

LOAD ./utilities/fsl_debug_console.o
LOAD ./utilities/fsl_str.o
LOAD ./usb/phy/usb_phy.o
LOAD ./usb/device/source/lpcip3511/usb_device_lpcip3511.o
LOAD ./usb/device/source/usb_device_ch9.o
LOAD ./usb/device/source/usb_device_dci.o
LOAD ./usb/device/class/cdc/usb_device_cdc_acm.o
LOAD ./usb/device/class/usb_device_class.o
LOAD ./startup/boot_multicore_slave.o
LOAD ./startup/startup_lpc55s69_cm33_core0.o
LOAD ./source/generated/usb_device_composite.o
LOAD ./source/generated/usb_device_descriptor.o
LOAD ./source/main.o
LOAD ./source/semihost_hardfault.o
LOAD ./source/usb_device_interface_0_cic_vcom.o
LOAD ./drivers/fsl_clock.o
LOAD ./drivers/fsl_common.o
LOAD ./drivers/fsl_ctimer.o
LOAD ./drivers/fsl_flexcomm.o
LOAD ./drivers/fsl_gpio.o
LOAD ./drivers/fsl_i2c.o
LOAD ./drivers/fsl_lpadc.o
LOAD ./drivers/fsl_power.o
LOAD ./drivers/fsl_reset.o
LOAD ./drivers/fsl_usart.o
LOAD ./device/system_LPC55S69_cm33_core0.o
LOAD ./component/uart/usart_adapter.o
LOAD ./component/serial_manager/serial_manager.o
LOAD ./component/serial_manager/serial_port_uart.o
LOAD ./component/osa/fsl_os_abstraction_bm.o
LOAD ./component/lists/generic_list.o
LOAD ./board/board.o
LOAD ./board/clock_config.o
LOAD ./board/peripherals.o
LOAD ./board/pin_mux.o
LOAD C:\Users\kkorn\Documents\MCUXpressoIDE_11.2.1_4149\workspace\ODP_MeansViewUSB\libs\libpower_hardabi.a
START GROUP
LOAD d:/programy/mcuxpressoide_11.2.1_4149/ide/plugins/com.nxp.mcuxpresso.tools.win32_11.2.0.202008311134/tools/bin/../lib/gcc/arm-none-eabi/9.2.1/../../../../arm-none-eabi/lib/thumb/v8-m.main+fp/hard\libcr_semihost_nf.a
LOAD d:/programy/mcuxpressoide_11.2.1_4149/ide/plugins/com.nxp.mcuxpresso.tools.win32_11.2.0.202008311134/tools/bin/../lib/gcc/arm-none-eabi/9.2.1/../../../../arm-none-eabi/lib/thumb/v8-m.main+fp/hard\libcr_c.a
LOAD d:/programy/mcuxpressoide_11.2.1_4149/ide/plugins/com.nxp.mcuxpresso.tools.win32_11.2.0.202008311134/tools/bin/../lib/gcc/arm-none-eabi/9.2.1/thumb/v8-m.main+fp/hard\libcr_eabihelpers.a
LOAD d:/programy/mcuxpressoide_11.2.1_4149/ide/plugins/com.nxp.mcuxpresso.tools.win32_11.2.0.202008311134/tools/bin/../lib/gcc/arm-none-eabi/9.2.1/thumb/v8-m.main+fp/hard\libgcc.a
END GROUP
                0x00000000                __base_PROGRAM_FLASH = 0x0
                0x00000000                __base_Flash = 0x0
                0x00098000                __top_PROGRAM_FLASH = 0x98000
                0x00098000                __top_Flash = 0x98000
                0x20000000                __base_SRAM = 0x20000000
                0x20000000                __base_RAM = 0x20000000
                0x20040000                __top_SRAM = 0x20040000
                0x20040000                __top_RAM = 0x20040000
                0x20040000                __base_SRAM4 = 0x20040000
                0x20040000                __base_RAM2 = 0x20040000
                0x20044000                __top_SRAM4 = 0x20044000
                0x20044000                __top_RAM2 = 0x20044000
                0x04000000                __base_SRAMX = 0x4000000
                0x04000000                __base_RAM3 = 0x4000000
                0x04008000                __top_SRAMX = 0x4008000
                0x04008000                __top_RAM3 = 0x4008000
                0x40100000                __base_USB_RAM = 0x40100000
                0x40100000                __base_RAM4 = 0x40100000
                0x40104000                __top_USB_RAM = 0x40104000
                0x40104000                __top_RAM4 = 0x40104000

.text           0x00000000     0x9c00
 FILL mask 0xff
                0x00000000                __vectors_start__ = ABSOLUTE (.)
 *(SORT_BY_ALIGNMENT(.isr_vector))
 .isr_vector    0x00000000      0x130 ./startup/startup_lpc55s69_cm33_core0.o
                0x00000000                g_pfnVectors
                0x00000000                __Vectors
                0x00000130                . = ALIGN (0x4)
                0x00000130                __section_table_start = .
                0x00000130                __data_section_table = .
                0x00000130        0x4 LONG 0x9c00 LOADADDR (.data)
                0x00000134        0x4 LONG 0x20000000 ADDR (.data)
                0x00000138        0x4 LONG 0x27c SIZEOF (.data)
                0x0000013c        0x4 LONG 0x9c00 LOADADDR (.data_RAM2)
                0x00000140        0x4 LONG 0x20040000 ADDR (.data_RAM2)
                0x00000144        0x4 LONG 0x0 SIZEOF (.data_RAM2)
                0x00000148        0x4 LONG 0x9c00 LOADADDR (.data_RAM3)
                0x0000014c        0x4 LONG 0x4000000 ADDR (.data_RAM3)
                0x00000150        0x4 LONG 0x0 SIZEOF (.data_RAM3)
                0x00000154        0x4 LONG 0x9c00 LOADADDR (.data_RAM4)
                0x00000158        0x4 LONG 0x401016d8 ADDR (.data_RAM4)
                0x0000015c        0x4 LONG 0x0 SIZEOF (.data_RAM4)
                0x00000160                __data_section_table_end = .
                0x00000160                __bss_section_table = .
                0x00000160        0x4 LONG 0x20000280 ADDR (.bss)
                0x00000164        0x4 LONG 0xa54 SIZEOF (.bss)
                0x00000168        0x4 LONG 0x20040000 ADDR (.bss_RAM2)
                0x0000016c        0x4 LONG 0x0 SIZEOF (.bss_RAM2)
                0x00000170        0x4 LONG 0x4000000 ADDR (.bss_RAM3)
                0x00000174        0x4 LONG 0x0 SIZEOF (.bss_RAM3)
                0x00000178        0x4 LONG 0x401016d8 ADDR (.bss_RAM4)
                0x0000017c        0x4 LONG 0x0 SIZEOF (.bss_RAM4)
                0x00000180                __bss_section_table_end = .
                0x00000180                __section_table_end = .
 *(SORT_BY_ALIGNMENT(.after_vectors*))
 .after_vectors.reset
                0x00000180       0x4c ./startup/startup_lpc55s69_cm33_core0.o
                0x00000180                ResetISR
 .after_vectors.init_data
                0x000001cc       0x1e ./startup/startup_lpc55s69_cm33_core0.o
                0x000001cc                data_init
 .after_vectors.init_bss
                0x000001ea       0x12 ./startup/startup_lpc55s69_cm33_core0.o
                0x000001ea                bss_init
 .after_vectors
                0x000001fc       0x16 ./startup/startup_lpc55s69_cm33_core0.o
                0x000001fc                NMI_Handler
                0x00000200                MemManage_Handler
                0x00000202                BusFault_Handler
                0x00000204                UsageFault_Handler
                0x00000206                SecureFault_Handler
                0x00000208                SVC_Handler
                0x0000020a                DebugMon_Handler
                0x0000020c                PendSV_Handler
                0x0000020e                SysTick_Handler
                0x00000210                Reserved56_DriverIRQHandler
                0x00000210                PIN_INT0_DriverIRQHandler
                0x00000210                PIN_INT2_DriverIRQHandler
                0x00000210                PIN_INT3_DriverIRQHandler
                0x00000210                IntDefaultHandler
                0x00000210                USB0_DriverIRQHandler
                0x00000210                CASER_DriverIRQHandler
                0x00000210                MRT0_DriverIRQHandler
                0x00000210                UTICK0_DriverIRQHandler
                0x00000210                Reserved41_DriverIRQHandler
                0x00000210                PIN_INT4_DriverIRQHandler
                0x00000210                PIN_INT5_DriverIRQHandler
                0x00000210                SEC_GPIO_INT0_IRQ0_DriverIRQHandler
                0x00000210                GINT1_DriverIRQHandler
                0x00000210                PIN_INT7_DriverIRQHandler
                0x00000210                Reserved55_DriverIRQHandler
                0x00000210                SEC_VIO_DriverIRQHandler
                0x00000210                USB0_NEEDCLK_DriverIRQHandler
                0x00000210                Reserved42_DriverIRQHandler
                0x00000210                PIN_INT6_DriverIRQHandler
                0x00000210                PQ_DriverIRQHandler
                0x00000210                MAILBOX_DriverIRQHandler
                0x00000210                PIN_INT1_DriverIRQHandler
                0x00000210                Reserved61_DriverIRQHandler
                0x00000210                SEC_GPIO_INT0_IRQ1_DriverIRQHandler
                0x00000210                PUF_DriverIRQHandler
                0x00000210                RTC_DriverIRQHandler
                0x00000210                DMA0_DriverIRQHandler
                0x00000210                Reserved39_DriverIRQHandler
                0x00000210                USB1_DriverIRQHandler
                0x00000210                Reserved60_DriverIRQHandler
                0x00000210                DMA1_DriverIRQHandler
                0x00000210                ADC0_DriverIRQHandler
                0x00000210                USB1_NEEDCLK_DriverIRQHandler
                0x00000210                Reserved59_DriverIRQHandler
                0x00000210                SDIO_DriverIRQHandler
                0x00000210                GINT0_DriverIRQHandler
                0x00000210                USB1_PHY_DriverIRQHandler
                0x00000210                ACMP_DriverIRQHandler
                0x00000210                Reserved57_DriverIRQHandler
                0x00000210                HASHCRYPT_DriverIRQHandler
                0x00000210                Reserved46_DriverIRQHandler
                0x00000210                WDT_BOD_DriverIRQHandler
                0x00000210                SCT0_DriverIRQHandler
                0x00000210                PLU_DriverIRQHandler
                0x00000210                OS_EVENT_DriverIRQHandler
                0x00000210                SEC_HYPERVISOR_CALL_DriverIRQHandler
 *(SORT_BY_ALIGNMENT(.text*))
 *fill*         0x00000212        0x2 ff
 .text.DbgConsole_SendDataReliable
                0x00000214       0x64 ./utilities/fsl_debug_console.o
                0x00000214                DbgConsole_SendDataReliable
 .text.DbgConsole_Init
                0x00000278      0x118 ./utilities/fsl_debug_console.o
                0x00000278                DbgConsole_Init
 .text.DbgConsole_Printf
                0x00000390       0x78 ./utilities/fsl_debug_console.o
                0x00000390                DbgConsole_Printf
 .text.USB_EhciPhyGetBase
                0x00000408       0xd4 ./usb/phy/usb_phy.o
                0x00000408                USB_EhciPhyGetBase
 .text.USB_DeviceLpc3511IpSetDefaultState
                0x000004dc       0xe4 ./usb/device/source/lpcip3511/usb_device_lpcip3511.o
 .text.USB_DeviceLpc3511IpInit
                0x000005c0      0x1ac ./usb/device/source/lpcip3511/usb_device_lpcip3511.o
                0x000005c0                USB_DeviceLpc3511IpInit
 .text.USB_DeviceLpc3511IpDeinit
                0x0000076c       0x68 ./usb/device/source/lpcip3511/usb_device_lpcip3511.o
                0x0000076c                USB_DeviceLpc3511IpDeinit
 .text.USB_DeviceLpc3511IpGetActualBufferAndPrime
                0x000007d4      0x160 ./usb/device/source/lpcip3511/usb_device_lpcip3511.o
 .text.USB_DeviceLpc3511IpControl
                0x00000934      0x250 ./usb/device/source/lpcip3511/usb_device_lpcip3511.o
                0x00000934                USB_DeviceLpc3511IpControl
 .text.USB_DeviceControlCallback
                0x00000b84      0x384 ./usb/device/source/usb_device_ch9.o
 .text.USB_DeviceControlPipeInit
                0x00000f08       0x7c ./usb/device/source/usb_device_ch9.o
                0x00000f08                USB_DeviceControlPipeInit
 .text.USB_DeviceAllocateHandle
                0x00000f84       0xc4 ./usb/device/source/usb_device_dci.o
 .text.USB_DeviceGetControllerInterface
                0x00001048       0x48 ./usb/device/source/usb_device_dci.o
 .text.USB_DeviceGetStatus
                0x00001090       0xcc ./usb/device/source/usb_device_dci.o
                0x00001090                USB_DeviceGetStatus
 .text.USB_DeviceSetStatus
                0x0000115c      0x118 ./usb/device/source/usb_device_dci.o
                0x0000115c                USB_DeviceSetStatus
 .text.USB_DeviceCdcAcmAllocateHandle
                0x00001274       0x54 ./usb/device/class/cdc/usb_device_cdc_acm.o
 .text.USB_DeviceCdcAcmEndpointsInit
                0x000012c8      0x3c0 ./usb/device/class/cdc/usb_device_cdc_acm.o
 .text.USB_DeviceCdcAcmEvent
                0x00001688      0x64c ./usb/device/class/cdc/usb_device_cdc_acm.o
                0x00001688                USB_DeviceCdcAcmEvent
 .text.USB_DeviceCdcAcmInit
                0x00001cd4       0xd4 ./usb/device/class/cdc/usb_device_cdc_acm.o
                0x00001cd4                USB_DeviceCdcAcmInit
 .text.USB_DeviceCdcAcmDeinit
                0x00001da8       0x78 ./usb/device/class/cdc/usb_device_cdc_acm.o
                0x00001da8                USB_DeviceCdcAcmDeinit
 .text.USB_DeviceClassAllocateHandle
                0x00001e20       0xc8 ./usb/device/class/usb_device_class.o
 .text.USB_DeviceClassFreeHandle
                0x00001ee8       0x90 ./usb/device/class/usb_device_class.o
 .text.USB_DeviceClassGetHandleByControllerId
                0x00001f78       0x78 ./usb/device/class/usb_device_class.o
 .text.USB_DeviceClassGetHandleByDeviceHandle
                0x00001ff0       0x64 ./usb/device/class/usb_device_class.o
 .text.USB_DeviceClassGetDeviceHandle
                0x00002054       0x78 ./usb/device/class/usb_device_class.o
                0x00002054                USB_DeviceClassGetDeviceHandle
 .text.USB_DeviceClassEvent
                0x000020cc       0xdc ./usb/device/class/usb_device_class.o
                0x000020cc                USB_DeviceClassEvent
 .text.USB_DeviceClassInit
                0x000021a8      0x118 ./usb/device/class/usb_device_class.o
                0x000021a8                USB_DeviceClassInit
 .text.__NVIC_EnableIRQ
                0x000022c0       0x3c ./source/generated/usb_device_composite.o
 .text.__NVIC_SetPriority
                0x000022fc       0x54 ./source/generated/usb_device_composite.o
 .text.POWER_DisablePD
                0x00002350       0x20 ./source/generated/usb_device_composite.o
 .text.USB1_IRQHandler
                0x00002370       0x18 ./source/generated/usb_device_composite.o
                0x00002370                USB1_IRQHandler
 .text.USB_DeviceClockInit
                0x00002388      0x1ac ./source/generated/usb_device_composite.o
 .text.USB_DeviceCallback
                0x00002534      0x1f0 ./source/generated/usb_device_composite.o
 .text.USB_UpdateInterfaceSetting
                0x00002724       0x68 ./source/generated/usb_device_composite.o
 .text.USB_DeviceApplicationInit
                0x0000278c       0x6c ./source/generated/usb_device_composite.o
                0x0000278c                USB_DeviceApplicationInit
 .text.USB_DeviceGetDeviceDescriptor
                0x000027f8       0x28 ./source/generated/usb_device_descriptor.o
                0x000027f8                USB_DeviceGetDeviceDescriptor
 .text.USB_DeviceGetConfigurationDescriptor
                0x00002820       0x34 ./source/generated/usb_device_descriptor.o
                0x00002820                USB_DeviceGetConfigurationDescriptor
 .text.USB_DeviceGetStringDescriptor
                0x00002854       0xc0 ./source/generated/usb_device_descriptor.o
                0x00002854                USB_DeviceGetStringDescriptor
 .text.USB_DeviceSetSpeed
                0x00002914       0xc4 ./source/generated/usb_device_descriptor.o
                0x00002914                USB_DeviceSetSpeed
 .text.POWER_DisablePD
                0x000029d8       0x20 ./source/main.o
 .text.main     0x000029f8       0x60 ./source/main.o
                0x000029f8                main
 .text.ADC0_IRQHandler
                0x00002a58       0x78 ./source/usb_device_interface_0_cic_vcom.o
                0x00002a58                ADC0_IRQHandler
 .text.USB_DeviceInterface0CicVcomTask
                0x00002ad0       0xd0 ./source/usb_device_interface_0_cic_vcom.o
                0x00002ad0                USB_DeviceInterface0CicVcomTask
 .text.USB_DeviceInterface0CicVcomCallback
                0x00002ba0      0x378 ./source/usb_device_interface_0_cic_vcom.o
                0x00002ba0                USB_DeviceInterface0CicVcomCallback
 .text.USB_DeviceInterface0CicVcomSetConfiguration
                0x00002f18       0x34 ./source/usb_device_interface_0_cic_vcom.o
                0x00002f18                USB_DeviceInterface0CicVcomSetConfiguration
 .text.USB_DeviceInterface0CicVcomInit
                0x00002f4c       0x30 ./source/usb_device_interface_0_cic_vcom.o
                0x00002f4c                USB_DeviceInterface0CicVcomInit
 .text.POWER_EnablePD
                0x00002f7c       0x20 ./drivers/fsl_clock.o
 .text.POWER_DisablePD
                0x00002f9c       0x20 ./drivers/fsl_clock.o
 .text.CLOCK_AttachClk
                0x00002fbc       0x98 ./drivers/fsl_clock.o
                0x00002fbc                CLOCK_AttachClk
 .text.CLOCK_SetClkDiv
                0x00003054       0x5c ./drivers/fsl_clock.o
                0x00003054                CLOCK_SetClkDiv
 .text.CLOCK_SetupFROClocking
                0x000030b0       0x80 ./drivers/fsl_clock.o
                0x000030b0                CLOCK_SetupFROClocking
 .text.CLOCK_SetFLASHAccessCyclesForFreq
                0x00003130      0x148 ./drivers/fsl_clock.o
                0x00003130                CLOCK_SetFLASHAccessCyclesForFreq
 .text.CLOCK_SetupExtClocking
                0x00003278       0x50 ./drivers/fsl_clock.o
                0x00003278                CLOCK_SetupExtClocking
 .text.CLOCK_GetUsb1ClkFreq
                0x000032c8       0x2c ./drivers/fsl_clock.o
                0x000032c8                CLOCK_GetUsb1ClkFreq
 .text.CLOCK_GetFro12MFreq
                0x000032f4       0x28 ./drivers/fsl_clock.o
                0x000032f4                CLOCK_GetFro12MFreq
 .text.CLOCK_GetFro1MFreq
                0x0000331c       0x28 ./drivers/fsl_clock.o
                0x0000331c                CLOCK_GetFro1MFreq
 .text.CLOCK_GetExtClkFreq
                0x00003344       0x2c ./drivers/fsl_clock.o
                0x00003344                CLOCK_GetExtClkFreq
 .text.CLOCK_GetFroHfFreq
                0x00003370       0x28 ./drivers/fsl_clock.o
                0x00003370                CLOCK_GetFroHfFreq
 .text.CLOCK_GetPll0OutFreq
                0x00003398       0x18 ./drivers/fsl_clock.o
                0x00003398                CLOCK_GetPll0OutFreq
 .text.CLOCK_GetPll1OutFreq
                0x000033b0       0x18 ./drivers/fsl_clock.o
                0x000033b0                CLOCK_GetPll1OutFreq
 .text.CLOCK_GetOsc32KFreq
                0x000033c8       0x58 ./drivers/fsl_clock.o
                0x000033c8                CLOCK_GetOsc32KFreq
 .text.CLOCK_GetCoreSysClkFreq
                0x00003420       0xa8 ./drivers/fsl_clock.o
                0x00003420                CLOCK_GetCoreSysClkFreq
 .text.CLOCK_GetI2SMClkFreq
                0x000034c8       0x18 ./drivers/fsl_clock.o
                0x000034c8                CLOCK_GetI2SMClkFreq
 .text.CLOCK_GetCTimerClkFreq
                0x000034e0       0x90 ./drivers/fsl_clock.o
                0x000034e0                CLOCK_GetCTimerClkFreq
 .text.CLOCK_GetPLL0InClockRate
                0x00003570       0x64 ./drivers/fsl_clock.o
                0x00003570                CLOCK_GetPLL0InClockRate
 .text.CLOCK_SetPLL0Freq
                0x000035d4      0x12c ./drivers/fsl_clock.o
                0x000035d4                CLOCK_SetPLL0Freq
 .text.SDK_DelayAtLeastUs
                0x00003700       0x90 ./drivers/fsl_common.o
                0x00003700                SDK_DelayAtLeastUs
 .text.__NVIC_EnableIRQ
                0x00003790       0x3c ./drivers/fsl_ctimer.o
 .text.CTIMER_GetInstance
                0x000037cc       0x54 ./drivers/fsl_ctimer.o
 .text.CTIMER_Init
                0x00003820       0x74 ./drivers/fsl_ctimer.o
                0x00003820                CTIMER_Init
 .text.CTIMER_SetupMatch
                0x00003894      0x11c ./drivers/fsl_ctimer.o
                0x00003894                CTIMER_SetupMatch
 .text.CTIMER_GenericIRQHandler
                0x000039b0       0xb4 ./drivers/fsl_ctimer.o
                0x000039b0                CTIMER_GenericIRQHandler
 .text.FLEXCOMM_GetInstance
                0x00003a64       0x50 ./drivers/fsl_flexcomm.o
                0x00003a64                FLEXCOMM_GetInstance
 .text.FLEXCOMM_Init
                0x00003ab4       0x50 ./drivers/fsl_flexcomm.o
                0x00003ab4                FLEXCOMM_Init
 .text.FLEXCOMM0_DriverIRQHandler
                0x00003b04       0x38 ./drivers/fsl_flexcomm.o
                0x00003b04                FLEXCOMM0_DriverIRQHandler
 .text.FLEXCOMM1_DriverIRQHandler
                0x00003b3c       0x38 ./drivers/fsl_flexcomm.o
                0x00003b3c                FLEXCOMM1_DriverIRQHandler
 .text.FLEXCOMM2_DriverIRQHandler
                0x00003b74       0x38 ./drivers/fsl_flexcomm.o
                0x00003b74                FLEXCOMM2_DriverIRQHandler
 .text.FLEXCOMM3_DriverIRQHandler
                0x00003bac       0x38 ./drivers/fsl_flexcomm.o
                0x00003bac                FLEXCOMM3_DriverIRQHandler
 .text.FLEXCOMM4_DriverIRQHandler
                0x00003be4       0x38 ./drivers/fsl_flexcomm.o
                0x00003be4                FLEXCOMM4_DriverIRQHandler
 .text.FLEXCOMM5_DriverIRQHandler
                0x00003c1c       0x38 ./drivers/fsl_flexcomm.o
                0x00003c1c                FLEXCOMM5_DriverIRQHandler
 .text.FLEXCOMM6_DriverIRQHandler
                0x00003c54       0x38 ./drivers/fsl_flexcomm.o
                0x00003c54                FLEXCOMM6_DriverIRQHandler
 .text.FLEXCOMM7_DriverIRQHandler
                0x00003c8c       0x38 ./drivers/fsl_flexcomm.o
                0x00003c8c                FLEXCOMM7_DriverIRQHandler
 .text.FLEXCOMM8_DriverIRQHandler
                0x00003cc4       0x38 ./drivers/fsl_flexcomm.o
                0x00003cc4                FLEXCOMM8_DriverIRQHandler
 .text.LPADC_GetInstance
                0x00003cfc       0x44 ./drivers/fsl_lpadc.o
 .text.LPADC_Init
                0x00003d40      0x114 ./drivers/fsl_lpadc.o
                0x00003d40                LPADC_Init
 .text.LPADC_GetConvResult
                0x00003e54       0x6c ./drivers/fsl_lpadc.o
                0x00003e54                LPADC_GetConvResult
 .text.LPADC_SetConvTriggerConfig
                0x00003ec0       0x8c ./drivers/fsl_lpadc.o
                0x00003ec0                LPADC_SetConvTriggerConfig
 .text.LPADC_SetConvCommandConfig
                0x00003f4c      0x110 ./drivers/fsl_lpadc.o
                0x00003f4c                LPADC_SetConvCommandConfig
 .text.LPADC_DoAutoCalibration
                0x0000405c       0xec ./drivers/fsl_lpadc.o
                0x0000405c                LPADC_DoAutoCalibration
 .text.RESET_SetPeripheralReset
                0x00004148       0x5c ./drivers/fsl_reset.o
                0x00004148                RESET_SetPeripheralReset
 .text.RESET_ClearPeripheralReset
                0x000041a4       0x60 ./drivers/fsl_reset.o
                0x000041a4                RESET_ClearPeripheralReset
 .text.USART_Init
                0x00004204      0x1c0 ./drivers/fsl_usart.o
                0x00004204                USART_Init
 .text.USART_GetDefaultConfig
                0x000043c4       0x7c ./drivers/fsl_usart.o
                0x000043c4                USART_GetDefaultConfig
 .text.USART_SetBaudRate
                0x00004440      0x128 ./drivers/fsl_usart.o
                0x00004440                USART_SetBaudRate
 .text.USART_WriteBlocking
                0x00004568       0x8c ./drivers/fsl_usart.o
                0x00004568                USART_WriteBlocking
 .text.SystemInit
                0x000045f4       0x64 ./device/system_LPC55S69_cm33_core0.o
                0x000045f4                SystemInit
 .text.HAL_UartInit
                0x00004658      0x108 ./component/uart/usart_adapter.o
                0x00004658                HAL_UartInit
 .text.HAL_UartSendBlocking
                0x00004760       0x64 ./component/uart/usart_adapter.o
                0x00004760                HAL_UartSendBlocking
 .text.SerialManager_Write
                0x000047c4       0x6c ./component/serial_manager/serial_manager.o
 .text.SerialManager_Init
                0x00004830       0x74 ./component/serial_manager/serial_manager.o
                0x00004830                SerialManager_Init
 .text.SerialManager_OpenWriteHandle
                0x000048a4       0x64 ./component/serial_manager/serial_manager.o
                0x000048a4                SerialManager_OpenWriteHandle
 .text.SerialManager_OpenReadHandle
                0x00004908       0x74 ./component/serial_manager/serial_manager.o
                0x00004908                SerialManager_OpenReadHandle
 .text.Serial_UartInit
                0x0000497c       0x80 ./component/serial_manager/serial_port_uart.o
                0x0000497c                Serial_UartInit
 .text.Serial_UartWrite
                0x000049fc       0x58 ./component/serial_manager/serial_port_uart.o
                0x000049fc                Serial_UartWrite
 .text.OSA_MutexCreate
                0x00004a54       0x40 ./component/osa/fsl_os_abstraction_bm.o
                0x00004a54                OSA_MutexCreate
 .text.OSA_MutexDestroy
                0x00004a94       0x30 ./component/osa/fsl_os_abstraction_bm.o
                0x00004a94                OSA_MutexDestroy
 .text.BOARD_InitDebugConsole
                0x00004ac4       0x38 ./board/board.o
                0x00004ac4                BOARD_InitDebugConsole
 .text.POWER_EnablePD
                0x00004afc       0x20 ./board/clock_config.o
 .text.POWER_DisablePD
                0x00004b1c       0x20 ./board/clock_config.o
 .text.BOARD_BootClockPLL150M
                0x00004b3c      0x1bc ./board/clock_config.o
                0x00004b3c                BOARD_BootClockPLL150M
 .text.__NVIC_EnableIRQ
                0x00004cf8       0x3c ./board/peripherals.o
 .text.__NVIC_SetPriority
                0x00004d34       0x54 ./board/peripherals.o
 .text.ADC0_init
                0x00004d88       0x50 ./board/peripherals.o
 .text.CTIMER0_init
                0x00004dd8       0x28 ./board/peripherals.o
 .text.BOARD_InitPins
                0x00004e00       0x70 ./board/pin_mux.o
                0x00004e00                BOARD_InitPins
 .text.lowpower_set_system_voltage
                0x00004e70       0xa0 C:\Users\kkorn\Documents\MCUXpressoIDE_11.2.1_4149\workspace\ODP_MeansViewUSB\libs\libpower_hardabi.a(fsl_power_lib.o)
 .text.lowpower_set_voltage_for_process
                0x00004f10       0x84 C:\Users\kkorn\Documents\MCUXpressoIDE_11.2.1_4149\workspace\ODP_MeansViewUSB\libs\libpower_hardabi.a(fsl_power_lib.o)
 .text.POWER_SetVoltageForFreq
                0x00004f94       0x84 C:\Users\kkorn\Documents\MCUXpressoIDE_11.2.1_4149\workspace\ODP_MeansViewUSB\libs\libpower_hardabi.a(fsl_power_lib.o)
                0x00004f94                POWER_SetVoltageForFreq
 .text.__assertion_failed
                0x00005018       0x4c d:/programy/mcuxpressoide_11.2.1_4149/ide/plugins/com.nxp.mcuxpresso.tools.win32_11.2.0.202008311134/tools/bin/../lib/gcc/arm-none-eabi/9.2.1/../../../../arm-none-eabi/lib/thumb/v8-m.main+fp/hard\libcr_semihost_nf.a(_cr_assert.o)
                0x00005018                __assertion_failed
 .text.__sys_appexit
                0x00005064        0xc d:/programy/mcuxpressoide_11.2.1_4149/ide/plugins/com.nxp.mcuxpresso.tools.win32_11.2.0.202008311134/tools/bin/../lib/gcc/arm-none-eabi/9.2.1/../../../../arm-none-eabi/lib/thumb/v8-m.main+fp/hard\libcr_semihost_nf.a(__sys_appexit.o)
                0x00005064                __sys_appexit
                0x00005064                __exit
 .text._Cwritebuf
                0x00005070       0x6c d:/programy/mcuxpressoide_11.2.1_4149/ide/plugins/com.nxp.mcuxpresso.tools.win32_11.2.0.202008311134/tools/bin/../lib/gcc/arm-none-eabi/9.2.1/../../../../arm-none-eabi/lib/thumb/v8-m.main+fp/hard\libcr_c.a(_writebuf.o)
                0x00005070                _Cwritebuf
 .text.malloc   0x000050dc       0xc8 d:/programy/mcuxpressoide_11.2.1_4149/ide/plugins/com.nxp.mcuxpresso.tools.win32_11.2.0.202008311134/tools/bin/../lib/gcc/arm-none-eabi/9.2.1/../../../../arm-none-eabi/lib/thumb/v8-m.main+fp/hard\libcr_c.a(alloc.o)
                0x000050dc                malloc
 .text._Csys_alloc
                0x000051a4       0x20 d:/programy/mcuxpressoide_11.2.1_4149/ide/plugins/com.nxp.mcuxpresso.tools.win32_11.2.0.202008311134/tools/bin/../lib/gcc/arm-none-eabi/9.2.1/../../../../arm-none-eabi/lib/thumb/v8-m.main+fp/hard\libcr_c.a(alloc.o)
                0x000051a4                _Csys_alloc
 .text.fseek    0x000051c4      0x100 d:/programy/mcuxpressoide_11.2.1_4149/ide/plugins/com.nxp.mcuxpresso.tools.win32_11.2.0.202008311134/tools/bin/../lib/gcc/arm-none-eabi/9.2.1/../../../../arm-none-eabi/lib/thumb/v8-m.main+fp/hard\libcr_c.a(fseek.o)
                0x000051c4                fseek
 .text.ftell    0x000052c4       0x44 d:/programy/mcuxpressoide_11.2.1_4149/ide/plugins/com.nxp.mcuxpresso.tools.win32_11.2.0.202008311134/tools/bin/../lib/gcc/arm-none-eabi/9.2.1/../../../../arm-none-eabi/lib/thumb/v8-m.main+fp/hard\libcr_c.a(ftell.o)
                0x000052c4                ftell
 .text._initio  0x00005308       0x78 d:/programy/mcuxpressoide_11.2.1_4149/ide/plugins/com.nxp.mcuxpresso.tools.win32_11.2.0.202008311134/tools/bin/../lib/gcc/arm-none-eabi/9.2.1/../../../../arm-none-eabi/lib/thumb/v8-m.main+fp/hard\libcr_c.a(initio.o)
                0x00005308                _initio
 .text._sbrk    0x00005380       0x3c d:/programy/mcuxpressoide_11.2.1_4149/ide/plugins/com.nxp.mcuxpresso.tools.win32_11.2.0.202008311134/tools/bin/../lib/gcc/arm-none-eabi/9.2.1/../../../../arm-none-eabi/lib/thumb/v8-m.main+fp/hard\libcr_c.a(_cr_sbrk.o)
                0x00005380                _sbrk
 .text.fflush   0x000053bc       0x44 d:/programy/mcuxpressoide_11.2.1_4149/ide/plugins/com.nxp.mcuxpresso.tools.win32_11.2.0.202008311134/tools/bin/../lib/gcc/arm-none-eabi/9.2.1/../../../../arm-none-eabi/lib/thumb/v8-m.main+fp/hard\libcr_c.a(fflush.o)
                0x000053bc                fflush
 .text.__check_heap_overflow
                0x00005400       0x18 d:/programy/mcuxpressoide_11.2.1_4149/ide/plugins/com.nxp.mcuxpresso.tools.win32_11.2.0.202008311134/tools/bin/../lib/gcc/arm-none-eabi/9.2.1/../../../../arm-none-eabi/lib/thumb/v8-m.main+fp/hard\libcr_c.a(_cr_check_heap.o)
                0x00005400                __check_heap_overflow
 .text.DbgConsole_PrintCallback
                0x00005418       0x66 ./utilities/fsl_debug_console.o
 .text.PrintGetWidth
                0x0000547e       0x6a ./utilities/fsl_str.o
 .text.PrintGetPrecision
                0x000054e8       0x8c ./utilities/fsl_str.o
 .text.PrintIsobpu
                0x00005574       0x38 ./utilities/fsl_str.o
 .text.PrintIsdi
                0x000055ac       0x2c ./utilities/fsl_str.o
 .text.PrintOutputdifFobpu
                0x000055d8       0x44 ./utilities/fsl_str.o
 .text.PrintOutputxX
                0x0000561c       0x44 ./utilities/fsl_str.o
 .text.PrintIsfF
                0x00005660       0x2c ./utilities/fsl_str.o
 .text.PrintIsxX
                0x0000568c       0x2c ./utilities/fsl_str.o
 .text.PrintGetRadixFromobpu
                0x000056b8       0x40 ./utilities/fsl_str.o
 .text.ConvertRadixNumToString
                0x000056f8      0x118 ./utilities/fsl_str.o
 .text.StrFormatPrintf
                0x00005810      0x286 ./utilities/fsl_str.o
                0x00005810                StrFormatPrintf
 .text.USB_EhciPhyInit
                0x00005a96       0xaa ./usb/phy/usb_phy.o
                0x00005a96                USB_EhciPhyInit
 .text.USB_DeviceLpcIp3511MaxPacketNeedCopy
                0x00005b40       0x16 ./usb/device/source/lpcip3511/usb_device_lpcip3511.o
 .text.USB_DeviceLpcIp3511MallocMaxPacketBuffer
                0x00005b56       0xfe ./usb/device/source/lpcip3511/usb_device_lpcip3511.o
 .text.USB_DeviceLpcIp3511ReleaseMaxPacketBuffer
                0x00005c54       0xa8 ./usb/device/source/lpcip3511/usb_device_lpcip3511.o
 .text.USB_DeviceLpc3511IpGetEndpointStateStruct
                0x00005cfc       0x34 ./usb/device/source/lpcip3511/usb_device_lpcip3511.o
 .text.USB_DeviceLpc3511IpEndpointPrime
                0x00005d30      0x150 ./usb/device/source/lpcip3511/usb_device_lpcip3511.o
 .text.USB_DeviceLpc3511IpEndpointInit
                0x00005e80      0x1c8 ./usb/device/source/lpcip3511/usb_device_lpcip3511.o
 .text.USB_DeviceLpc3511IpEndpointDeinit
                0x00006048       0xb8 ./usb/device/source/lpcip3511/usb_device_lpcip3511.o
 .text.USB_DeviceLpc3511IpEndpointStall
                0x00006100       0xa0 ./usb/device/source/lpcip3511/usb_device_lpcip3511.o
 .text.USB_DeviceLpc3511IpEndpointUnstall
                0x000061a0       0xe4 ./usb/device/source/lpcip3511/usb_device_lpcip3511.o
 .text.USB_DeviceLpc3511IpDoPreviousTransactionMemcpy
                0x00006284       0x84 ./usb/device/source/lpcip3511/usb_device_lpcip3511.o
 .text.USB_DeviceLpc3511IpTokenUpdate
                0x00006308       0xcc ./usb/device/source/lpcip3511/usb_device_lpcip3511.o
 .text.USB_DeviceLpc3511IpInterruptToken
                0x000063d4      0x304 ./usb/device/source/lpcip3511/usb_device_lpcip3511.o
 .text.USB_DeviceLpc3511IpInterruptReset
                0x000066d8       0x84 ./usb/device/source/lpcip3511/usb_device_lpcip3511.o
 .text.USB_DeviceLpc3511IpTransaction
                0x0000675c       0xfa ./usb/device/source/lpcip3511/usb_device_lpcip3511.o
 .text.USB_DeviceLpc3511IpSend
                0x00006856       0x76 ./usb/device/source/lpcip3511/usb_device_lpcip3511.o
                0x00006856                USB_DeviceLpc3511IpSend
 .text.USB_DeviceLpc3511IpRecv
                0x000068cc       0x26 ./usb/device/source/lpcip3511/usb_device_lpcip3511.o
                0x000068cc                USB_DeviceLpc3511IpRecv
 .text.USB_DeviceLpc3511IpCancel
                0x000068f2      0x292 ./usb/device/source/lpcip3511/usb_device_lpcip3511.o
                0x000068f2                USB_DeviceLpc3511IpCancel
 .text.USB_DeviceLpc3511IpControlPreSetDeviceAddress
                0x00006b84       0x58 ./usb/device/source/lpcip3511/usb_device_lpcip3511.o
 .text.USB_DeviceLpcIp3511IsrFunction
                0x00006bdc      0x158 ./usb/device/source/lpcip3511/usb_device_lpcip3511.o
                0x00006bdc                USB_DeviceLpcIp3511IsrFunction
 .text.USB_DeviceCh9GetStatus
                0x00006d34       0xec ./usb/device/source/usb_device_ch9.o
 .text.USB_DeviceCh9SetClearFeature
                0x00006e20       0xf6 ./usb/device/source/usb_device_ch9.o
 .text.USB_DeviceCh9SetAddress
                0x00006f16       0xa0 ./usb/device/source/usb_device_ch9.o
 .text.USB_DeviceCh9GetDescriptor
                0x00006fb6       0xe6 ./usb/device/source/usb_device_ch9.o
 .text.USB_DeviceCh9GetConfiguration
                0x0000709c       0x5c ./usb/device/source/usb_device_ch9.o
 .text.USB_DeviceCh9SetConfiguration
                0x000070f8       0x8c ./usb/device/source/usb_device_ch9.o
 .text.USB_DeviceCh9GetInterface
                0x00007184       0x72 ./usb/device/source/usb_device_ch9.o
 .text.USB_DeviceCh9SetInterface
                0x000071f6       0x6e ./usb/device/source/usb_device_ch9.o
 .text.USB_DeviceCh9SynchFrame
                0x00007264       0x66 ./usb/device/source/usb_device_ch9.o
 .text.USB_DeviceControlCallbackFeedback
                0x000072ca       0xb0 ./usb/device/source/usb_device_ch9.o
 .text.USB_DeviceFreeHandle
                0x0000737a       0x32 ./usb/device/source/usb_device_dci.o
 .text.USB_DeviceTransfer
                0x000073ac      0x10a ./usb/device/source/usb_device_dci.o
 .text.USB_DeviceControl
                0x000074b6       0x48 ./usb/device/source/usb_device_dci.o
 .text.USB_DeviceResetNotification
                0x000074fe       0x98 ./usb/device/source/usb_device_dci.o
 .text.USB_DeviceNotification
                0x00007596      0x102 ./usb/device/source/usb_device_dci.o
 .text.USB_DeviceNotificationTrigger
                0x00007698       0x40 ./usb/device/source/usb_device_dci.o
                0x00007698                USB_DeviceNotificationTrigger
 .text.USB_DeviceInit
                0x000076d8      0x166 ./usb/device/source/usb_device_dci.o
                0x000076d8                USB_DeviceInit
 .text.USB_DeviceRun
                0x0000783e       0x1c ./usb/device/source/usb_device_dci.o
                0x0000783e                USB_DeviceRun
 .text.USB_DeviceDeinit
                0x0000785a       0x42 ./usb/device/source/usb_device_dci.o
                0x0000785a                USB_DeviceDeinit
 .text.USB_DeviceSendRequest
                0x0000789c       0x32 ./usb/device/source/usb_device_dci.o
                0x0000789c                USB_DeviceSendRequest
 .text.USB_DeviceRecvRequest
                0x000078ce       0x2c ./usb/device/source/usb_device_dci.o
                0x000078ce                USB_DeviceRecvRequest
 .text.USB_DeviceInitEndpoint
                0x000078fa       0xbe ./usb/device/source/usb_device_dci.o
                0x000078fa                USB_DeviceInitEndpoint
 .text.USB_DeviceDeinitEndpoint
                0x000079b8       0xac ./usb/device/source/usb_device_dci.o
                0x000079b8                USB_DeviceDeinitEndpoint
 .text.USB_DeviceStallEndpoint
                0x00007a64       0x30 ./usb/device/source/usb_device_dci.o
                0x00007a64                USB_DeviceStallEndpoint
 .text.USB_DeviceUnstallEndpoint
                0x00007a94       0x30 ./usb/device/source/usb_device_dci.o
                0x00007a94                USB_DeviceUnstallEndpoint
 .text.USB_DeviceCdcAcmFreeHandle
                0x00007ac4       0x32 ./usb/device/class/cdc/usb_device_cdc_acm.o
 .text.USB_DeviceCdcAcmInterruptIn
                0x00007af6       0x54 ./usb/device/class/cdc/usb_device_cdc_acm.o
 .text.USB_DeviceCdcAcmBulkIn
                0x00007b4a       0x54 ./usb/device/class/cdc/usb_device_cdc_acm.o
 .text.USB_DeviceCdcAcmBulkOut
                0x00007b9e       0x54 ./usb/device/class/cdc/usb_device_cdc_acm.o
 .text.USB_DeviceCdcAcmEndpointsDeinit
                0x00007bf2       0xae ./usb/device/class/cdc/usb_device_cdc_acm.o
 .text.USB_DeviceCdcAcmSend
                0x00007ca0       0xa4 ./usb/device/class/cdc/usb_device_cdc_acm.o
                0x00007ca0                USB_DeviceCdcAcmSend
 .text.USB_DeviceCdcAcmRecv
                0x00007d44       0x78 ./usb/device/class/cdc/usb_device_cdc_acm.o
                0x00007d44                USB_DeviceCdcAcmRecv
 .text.USB_DeviceClassCallback
                0x00007dbc       0x5e ./usb/device/class/usb_device_class.o
                0x00007dbc                USB_DeviceClassCallback
 .text.USB_DeviceClassGetSpeed
                0x00007e1a       0x44 ./usb/device/class/usb_device_class.o
                0x00007e1a                USB_DeviceClassGetSpeed
 .text.WDT_BOD_IRQHandler
                0x00007e5e        0x8 ./startup/startup_lpc55s69_cm33_core0.o
                0x00007e5e                WDT_BOD_IRQHandler
 .text.DMA0_IRQHandler
                0x00007e66        0x8 ./startup/startup_lpc55s69_cm33_core0.o
                0x00007e66                DMA0_IRQHandler
 .text.GINT0_IRQHandler
                0x00007e6e        0x8 ./startup/startup_lpc55s69_cm33_core0.o
                0x00007e6e                GINT0_IRQHandler
 .text.GINT1_IRQHandler
                0x00007e76        0x8 ./startup/startup_lpc55s69_cm33_core0.o
                0x00007e76                GINT1_IRQHandler
 .text.PIN_INT0_IRQHandler
                0x00007e7e        0x8 ./startup/startup_lpc55s69_cm33_core0.o
                0x00007e7e                PIN_INT0_IRQHandler
 .text.PIN_INT1_IRQHandler
                0x00007e86        0x8 ./startup/startup_lpc55s69_cm33_core0.o
                0x00007e86                PIN_INT1_IRQHandler
 .text.PIN_INT2_IRQHandler
                0x00007e8e        0x8 ./startup/startup_lpc55s69_cm33_core0.o
                0x00007e8e                PIN_INT2_IRQHandler
 .text.PIN_INT3_IRQHandler
                0x00007e96        0x8 ./startup/startup_lpc55s69_cm33_core0.o
                0x00007e96                PIN_INT3_IRQHandler
 .text.UTICK0_IRQHandler
                0x00007e9e        0x8 ./startup/startup_lpc55s69_cm33_core0.o
                0x00007e9e                UTICK0_IRQHandler
 .text.MRT0_IRQHandler
                0x00007ea6        0x8 ./startup/startup_lpc55s69_cm33_core0.o
                0x00007ea6                MRT0_IRQHandler
 .text.CTIMER0_IRQHandler
                0x00007eae        0x8 ./startup/startup_lpc55s69_cm33_core0.o
                0x00007eae                CTIMER0_IRQHandler
 .text.CTIMER1_IRQHandler
                0x00007eb6        0x8 ./startup/startup_lpc55s69_cm33_core0.o
                0x00007eb6                CTIMER1_IRQHandler
 .text.SCT0_IRQHandler
                0x00007ebe        0x8 ./startup/startup_lpc55s69_cm33_core0.o
                0x00007ebe                SCT0_IRQHandler
 .text.CTIMER3_IRQHandler
                0x00007ec6        0x8 ./startup/startup_lpc55s69_cm33_core0.o
                0x00007ec6                CTIMER3_IRQHandler
 .text.FLEXCOMM0_IRQHandler
                0x00007ece        0x8 ./startup/startup_lpc55s69_cm33_core0.o
                0x00007ece                FLEXCOMM0_IRQHandler
 .text.FLEXCOMM1_IRQHandler
                0x00007ed6        0x8 ./startup/startup_lpc55s69_cm33_core0.o
                0x00007ed6                FLEXCOMM1_IRQHandler
 .text.FLEXCOMM2_IRQHandler
                0x00007ede        0x8 ./startup/startup_lpc55s69_cm33_core0.o
                0x00007ede                FLEXCOMM2_IRQHandler
 .text.FLEXCOMM3_IRQHandler
                0x00007ee6        0x8 ./startup/startup_lpc55s69_cm33_core0.o
                0x00007ee6                FLEXCOMM3_IRQHandler
 .text.FLEXCOMM4_IRQHandler
                0x00007eee        0x8 ./startup/startup_lpc55s69_cm33_core0.o
                0x00007eee                FLEXCOMM4_IRQHandler
 .text.FLEXCOMM5_IRQHandler
                0x00007ef6        0x8 ./startup/startup_lpc55s69_cm33_core0.o
                0x00007ef6                FLEXCOMM5_IRQHandler
 .text.FLEXCOMM6_IRQHandler
                0x00007efe        0x8 ./startup/startup_lpc55s69_cm33_core0.o
                0x00007efe                FLEXCOMM6_IRQHandler
 .text.FLEXCOMM7_IRQHandler
                0x00007f06        0x8 ./startup/startup_lpc55s69_cm33_core0.o
                0x00007f06                FLEXCOMM7_IRQHandler
 .text.Reserved39_IRQHandler
                0x00007f0e        0x8 ./startup/startup_lpc55s69_cm33_core0.o
                0x00007f0e                Reserved39_IRQHandler
 .text.ACMP_IRQHandler
                0x00007f16        0x8 ./startup/startup_lpc55s69_cm33_core0.o
                0x00007f16                ACMP_IRQHandler
 .text.Reserved41_IRQHandler
                0x00007f1e        0x8 ./startup/startup_lpc55s69_cm33_core0.o
                0x00007f1e                Reserved41_IRQHandler
 .text.Reserved42_IRQHandler
                0x00007f26        0x8 ./startup/startup_lpc55s69_cm33_core0.o
                0x00007f26                Reserved42_IRQHandler
 .text.USB0_NEEDCLK_IRQHandler
                0x00007f2e        0x8 ./startup/startup_lpc55s69_cm33_core0.o
                0x00007f2e                USB0_NEEDCLK_IRQHandler
 .text.USB0_IRQHandler
                0x00007f36        0x8 ./startup/startup_lpc55s69_cm33_core0.o
                0x00007f36                USB0_IRQHandler
 .text.RTC_IRQHandler
                0x00007f3e        0x8 ./startup/startup_lpc55s69_cm33_core0.o
                0x00007f3e                RTC_IRQHandler
 .text.Reserved46_IRQHandler
                0x00007f46        0x8 ./startup/startup_lpc55s69_cm33_core0.o
                0x00007f46                Reserved46_IRQHandler
 .text.MAILBOX_IRQHandler
                0x00007f4e        0x8 ./startup/startup_lpc55s69_cm33_core0.o
                0x00007f4e                MAILBOX_IRQHandler
 .text.PIN_INT4_IRQHandler
                0x00007f56        0x8 ./startup/startup_lpc55s69_cm33_core0.o
                0x00007f56                PIN_INT4_IRQHandler
 .text.PIN_INT5_IRQHandler
                0x00007f5e        0x8 ./startup/startup_lpc55s69_cm33_core0.o
                0x00007f5e                PIN_INT5_IRQHandler
 .text.PIN_INT6_IRQHandler
                0x00007f66        0x8 ./startup/startup_lpc55s69_cm33_core0.o
                0x00007f66                PIN_INT6_IRQHandler
 .text.PIN_INT7_IRQHandler
                0x00007f6e        0x8 ./startup/startup_lpc55s69_cm33_core0.o
                0x00007f6e                PIN_INT7_IRQHandler
 .text.CTIMER2_IRQHandler
                0x00007f76        0x8 ./startup/startup_lpc55s69_cm33_core0.o
                0x00007f76                CTIMER2_IRQHandler
 .text.CTIMER4_IRQHandler
                0x00007f7e        0x8 ./startup/startup_lpc55s69_cm33_core0.o
                0x00007f7e                CTIMER4_IRQHandler
 .text.OS_EVENT_IRQHandler
                0x00007f86        0x8 ./startup/startup_lpc55s69_cm33_core0.o
                0x00007f86                OS_EVENT_IRQHandler
 .text.Reserved55_IRQHandler
                0x00007f8e        0x8 ./startup/startup_lpc55s69_cm33_core0.o
                0x00007f8e                Reserved55_IRQHandler
 .text.Reserved56_IRQHandler
                0x00007f96        0x8 ./startup/startup_lpc55s69_cm33_core0.o
                0x00007f96                Reserved56_IRQHandler
 .text.Reserved57_IRQHandler
                0x00007f9e        0x8 ./startup/startup_lpc55s69_cm33_core0.o
                0x00007f9e                Reserved57_IRQHandler
 .text.SDIO_IRQHandler
                0x00007fa6        0x8 ./startup/startup_lpc55s69_cm33_core0.o
                0x00007fa6                SDIO_IRQHandler
 .text.Reserved59_IRQHandler
                0x00007fae        0x8 ./startup/startup_lpc55s69_cm33_core0.o
                0x00007fae                Reserved59_IRQHandler
 .text.Reserved60_IRQHandler
                0x00007fb6        0x8 ./startup/startup_lpc55s69_cm33_core0.o
                0x00007fb6                Reserved60_IRQHandler
 .text.Reserved61_IRQHandler
                0x00007fbe        0x8 ./startup/startup_lpc55s69_cm33_core0.o
                0x00007fbe                Reserved61_IRQHandler
 .text.USB1_PHY_IRQHandler
                0x00007fc6        0x8 ./startup/startup_lpc55s69_cm33_core0.o
                0x00007fc6                USB1_PHY_IRQHandler
 .text.USB1_NEEDCLK_IRQHandler
                0x00007fce        0x8 ./startup/startup_lpc55s69_cm33_core0.o
                0x00007fce                USB1_NEEDCLK_IRQHandler
 .text.SEC_HYPERVISOR_CALL_IRQHandler
                0x00007fd6        0x8 ./startup/startup_lpc55s69_cm33_core0.o
                0x00007fd6                SEC_HYPERVISOR_CALL_IRQHandler
 .text.SEC_GPIO_INT0_IRQ0_IRQHandler
                0x00007fde        0x8 ./startup/startup_lpc55s69_cm33_core0.o
                0x00007fde                SEC_GPIO_INT0_IRQ0_IRQHandler
 .text.SEC_GPIO_INT0_IRQ1_IRQHandler
                0x00007fe6        0x8 ./startup/startup_lpc55s69_cm33_core0.o
                0x00007fe6                SEC_GPIO_INT0_IRQ1_IRQHandler
 .text.PLU_IRQHandler
                0x00007fee        0x8 ./startup/startup_lpc55s69_cm33_core0.o
                0x00007fee                PLU_IRQHandler
 .text.SEC_VIO_IRQHandler
                0x00007ff6        0x8 ./startup/startup_lpc55s69_cm33_core0.o
                0x00007ff6                SEC_VIO_IRQHandler
 .text.HASHCRYPT_IRQHandler
                0x00007ffe        0x8 ./startup/startup_lpc55s69_cm33_core0.o
                0x00007ffe                HASHCRYPT_IRQHandler
 .text.CASER_IRQHandler
                0x00008006        0x8 ./startup/startup_lpc55s69_cm33_core0.o
                0x00008006                CASER_IRQHandler
 .text.PUF_IRQHandler
                0x0000800e        0x8 ./startup/startup_lpc55s69_cm33_core0.o
                0x0000800e                PUF_IRQHandler
 .text.PQ_IRQHandler
                0x00008016        0x8 ./startup/startup_lpc55s69_cm33_core0.o
                0x00008016                PQ_IRQHandler
 .text.DMA1_IRQHandler
                0x0000801e        0x8 ./startup/startup_lpc55s69_cm33_core0.o
                0x0000801e                DMA1_IRQHandler
 .text.FLEXCOMM8_IRQHandler
                0x00008026        0x8 ./startup/startup_lpc55s69_cm33_core0.o
                0x00008026                FLEXCOMM8_IRQHandler
 .text.CLOCK_EnableClock
                0x0000802e       0x30 ./source/generated/usb_device_composite.o
 .text.CLOCK_DisableClock
                0x0000805e       0x30 ./source/generated/usb_device_composite.o
 .text.EnableIRQ
                0x0000808e       0x2c ./source/generated/usb_device_composite.o
 .text.USB_DeviceIsrEnable
                0x000080ba       0x2c ./source/generated/usb_device_composite.o
                0x000080ba                USB_DeviceIsrEnable
 .text.getEndpointSetting
                0x000080e6       0xb8 ./source/generated/usb_device_descriptor.o
 .text.CTIMER_StartTimer
                0x0000819e       0x20 ./source/main.o
 .text.HardFault_Handler
                0x000081be       0x2c ./source/semihost_hardfault.o
                0x000081be                HardFault_Handler
 .text.USB_DeviceInterface0CicVcomSetInterface
                0x000081ea       0x1a ./source/usb_device_interface_0_cic_vcom.o
                0x000081ea                USB_DeviceInterface0CicVcomSetInterface
 .text.USB_DeviceInterface1DicVcomSetInterface
                0x00008204       0x1a ./source/usb_device_interface_0_cic_vcom.o
                0x00008204                USB_DeviceInterface1DicVcomSetInterface
 .text.CLOCK_IsPLL0Locked
                0x0000821e       0x24 ./drivers/fsl_clock.o
 .text.findPll0PreDiv
                0x00008242       0x3e ./drivers/fsl_clock.o
 .text.DelayLoop
                0x00008280       0x20 ./drivers/fsl_common.o
 .text.CLOCK_EnableClock
                0x000082a0       0x30 ./drivers/fsl_ctimer.o
 .text.EnableIRQ
                0x000082d0       0x2c ./drivers/fsl_ctimer.o
 .text.CTIMER_GetStatusFlags
                0x000082fc       0x18 ./drivers/fsl_ctimer.o
 .text.CTIMER_ClearStatusFlags
                0x00008314       0x1c ./drivers/fsl_ctimer.o
 .text.CTIMER0_DriverIRQHandler
                0x00008330        0xe ./drivers/fsl_ctimer.o
                0x00008330                CTIMER0_DriverIRQHandler
 .text.CTIMER1_DriverIRQHandler
                0x0000833e        0xe ./drivers/fsl_ctimer.o
                0x0000833e                CTIMER1_DriverIRQHandler
 .text.CTIMER2_DriverIRQHandler
                0x0000834c        0xe ./drivers/fsl_ctimer.o
                0x0000834c                CTIMER2_DriverIRQHandler
 .text.CTIMER3_DriverIRQHandler
                0x0000835a        0xe ./drivers/fsl_ctimer.o
                0x0000835a                CTIMER3_DriverIRQHandler
 .text.CTIMER4_DriverIRQHandler
                0x00008368        0xe ./drivers/fsl_ctimer.o
                0x00008368                CTIMER4_DriverIRQHandler
 .text.CLOCK_EnableClock
                0x00008376       0x30 ./drivers/fsl_flexcomm.o
 .text.FLEXCOMM_PeripheralIsPresent
                0x000083a6       0x64 ./drivers/fsl_flexcomm.o
 .text.FLEXCOMM_SetPeriph
                0x0000840a       0x74 ./drivers/fsl_flexcomm.o
 .text.GPIO_PinInit
                0x0000847e       0xa0 ./drivers/fsl_gpio.o
                0x0000847e                GPIO_PinInit
 .text.CLOCK_EnableClock
                0x0000851e       0x30 ./drivers/fsl_lpadc.o
 .text.LPADC_Enable
                0x0000854e       0x38 ./drivers/fsl_lpadc.o
 .text.LPADC_DoResetFIFO0
                0x00008586       0x20 ./drivers/fsl_lpadc.o
 .text.LPADC_DoResetFIFO1
                0x000085a6       0x20 ./drivers/fsl_lpadc.o
 .text.LPADC_DoResetConfig
                0x000085c6       0x2c ./drivers/fsl_lpadc.o
 .text.LPADC_GetConvResultCount
                0x000085f2       0x26 ./drivers/fsl_lpadc.o
 .text.RESET_PeripheralReset
                0x00008618       0x1c ./drivers/fsl_reset.o
                0x00008618                RESET_PeripheralReset
 .text.USART_EnableContinuousSCLK
                0x00008634       0x38 ./drivers/fsl_usart.o
 .text.SystemInitHook
                0x0000866c        0xe ./device/system_LPC55S69_cm33_core0.o
                0x0000866c                SystemInitHook
 .text.HAL_UartGetStatus
                0x0000867a       0x22 ./component/uart/usart_adapter.o
 .text.DisableGlobalIRQ
                0x0000869c       0x22 ./component/serial_manager/serial_manager.o
 .text.EnableGlobalIRQ
                0x000086be       0x20 ./component/serial_manager/serial_manager.o
 .text.SerialManager_StartWriting
                0x000086de       0x38 ./component/serial_manager/serial_manager.o
 .text.SerialManager_WriteBlocking
                0x00008716       0x20 ./component/serial_manager/serial_manager.o
                0x00008716                SerialManager_WriteBlocking
 .text.DisableGlobalIRQ
                0x00008736       0x22 ./component/osa/fsl_os_abstraction_bm.o
 .text.EnableGlobalIRQ
                0x00008758       0x20 ./component/osa/fsl_os_abstraction_bm.o
 .text.OSA_EnterCritical
                0x00008778       0x1a ./component/osa/fsl_os_abstraction_bm.o
                0x00008778                OSA_EnterCritical
 .text.OSA_ExitCritical
                0x00008792       0x16 ./component/osa/fsl_os_abstraction_bm.o
                0x00008792                OSA_ExitCritical
 .text.CLOCK_EnableClock
                0x000087a8       0x30 ./board/clock_config.o
 .text.BOARD_InitBootClocks
                0x000087d8        0xc ./board/clock_config.o
                0x000087d8                BOARD_InitBootClocks
 .text.EnableIRQ
                0x000087e4       0x2c ./board/peripherals.o
 .text.LPADC_EnableInterrupts
                0x00008810       0x22 ./board/peripherals.o
 .text.USBHSD_init
                0x00008832        0xc ./board/peripherals.o
 .text.BOARD_InitPeripherals
                0x0000883e       0x14 ./board/peripherals.o
                0x0000883e                BOARD_InitPeripherals
 .text.BOARD_InitBootPeripherals
                0x00008852        0xc ./board/peripherals.o
                0x00008852                BOARD_InitBootPeripherals
 .text.CLOCK_EnableClock
                0x0000885e       0x30 ./board/pin_mux.o
 .text.IOCON_PinMuxSet
                0x0000888e       0x2e ./board/pin_mux.o
 .text.BOARD_InitBootPins
                0x000088bc        0xc ./board/pin_mux.o
                0x000088bc                BOARD_InitBootPins
 .text.__main   0x000088c8        0xe d:/programy/mcuxpressoide_11.2.1_4149/ide/plugins/com.nxp.mcuxpresso.tools.win32_11.2.0.202008311134/tools/bin/../lib/gcc/arm-none-eabi/9.2.1/../../../../arm-none-eabi/lib/thumb/v8-m.main+fp/hard\libcr_semihost_nf.a(_cr__main.o)
                0x000088c8                __CR_SEMIHOST
                0x000088c8                __main
 .text.memcpy   0x000088d6        0x4 d:/programy/mcuxpressoide_11.2.1_4149/ide/plugins/com.nxp.mcuxpresso.tools.win32_11.2.0.202008311134/tools/bin/../lib/gcc/arm-none-eabi/9.2.1/../../../../arm-none-eabi/lib/thumb/v8-m.main+fp/hard\libcr_c.a(memcpy.o)
                0x000088d6                memcpy
 .text.memset   0x000088da        0x4 d:/programy/mcuxpressoide_11.2.1_4149/ide/plugins/com.nxp.mcuxpresso.tools.win32_11.2.0.202008311134/tools/bin/../lib/gcc/arm-none-eabi/9.2.1/../../../../arm-none-eabi/lib/thumb/v8-m.main+fp/hard\libcr_c.a(memset.o)
                0x000088da                memset
 .text._deferredlazyseek
                0x000088de       0x40 d:/programy/mcuxpressoide_11.2.1_4149/ide/plugins/com.nxp.mcuxpresso.tools.win32_11.2.0.202008311134/tools/bin/../lib/gcc/arm-none-eabi/9.2.1/../../../../arm-none-eabi/lib/thumb/v8-m.main+fp/hard\libcr_c.a(_deferredlazyseek.o)
                0x000088de                _deferredlazyseek
 .text.__flsbuf
                0x0000891e      0x140 d:/programy/mcuxpressoide_11.2.1_4149/ide/plugins/com.nxp.mcuxpresso.tools.win32_11.2.0.202008311134/tools/bin/../lib/gcc/arm-none-eabi/9.2.1/../../../../arm-none-eabi/lib/thumb/v8-m.main+fp/hard\libcr_c.a(_deferredlazyseek.o)
                0x0000891e                __flsbuf
 .text._fflush  0x00008a5e       0x52 d:/programy/mcuxpressoide_11.2.1_4149/ide/plugins/com.nxp.mcuxpresso.tools.win32_11.2.0.202008311134/tools/bin/../lib/gcc/arm-none-eabi/9.2.1/../../../../arm-none-eabi/lib/thumb/v8-m.main+fp/hard\libcr_c.a(_fflush.o)
                0x00008a5e                _fflush
 .text.free     0x00008ab0       0x30 d:/programy/mcuxpressoide_11.2.1_4149/ide/plugins/com.nxp.mcuxpresso.tools.win32_11.2.0.202008311134/tools/bin/../lib/gcc/arm-none-eabi/9.2.1/../../../../arm-none-eabi/lib/thumb/v8-m.main+fp/hard\libcr_c.a(alloc.o)
                0x00008ab0                free
 .text.fputs    0x00008ae0       0x2c d:/programy/mcuxpressoide_11.2.1_4149/ide/plugins/com.nxp.mcuxpresso.tools.win32_11.2.0.202008311134/tools/bin/../lib/gcc/arm-none-eabi/9.2.1/../../../../arm-none-eabi/lib/thumb/v8-m.main+fp/hard\libcr_c.a(fputs.o)
                0x00008ae0                fputs
 .text.setvbuf  0x00008b0c       0x3e d:/programy/mcuxpressoide_11.2.1_4149/ide/plugins/com.nxp.mcuxpresso.tools.win32_11.2.0.202008311134/tools/bin/../lib/gcc/arm-none-eabi/9.2.1/../../../../arm-none-eabi/lib/thumb/v8-m.main+fp/hard\libcr_c.a(setvbuf.o)
                0x00008b0c                setvbuf
 .text.strlen   0x00008b4a       0x4c d:/programy/mcuxpressoide_11.2.1_4149/ide/plugins/com.nxp.mcuxpresso.tools.win32_11.2.0.202008311134/tools/bin/../lib/gcc/arm-none-eabi/9.2.1/../../../../arm-none-eabi/lib/thumb/v8-m.main+fp/hard\libcr_c.a(strlen.o)
                0x00008b4a                strlen
 .text._fdopen  0x00008b96       0x68 d:/programy/mcuxpressoide_11.2.1_4149/ide/plugins/com.nxp.mcuxpresso.tools.win32_11.2.0.202008311134/tools/bin/../lib/gcc/arm-none-eabi/9.2.1/../../../../arm-none-eabi/lib/thumb/v8-m.main+fp/hard\libcr_c.a(_fdopen.o)
                0x00008b96                _fdopen
 .text.fclose   0x00008bfe       0x58 d:/programy/mcuxpressoide_11.2.1_4149/ide/plugins/com.nxp.mcuxpresso.tools.win32_11.2.0.202008311134/tools/bin/../lib/gcc/arm-none-eabi/9.2.1/../../../../arm-none-eabi/lib/thumb/v8-m.main+fp/hard\libcr_c.a(fclose.o)
                0x00008bfe                fclose
 .text.remove   0x00008c56       0x14 d:/programy/mcuxpressoide_11.2.1_4149/ide/plugins/com.nxp.mcuxpresso.tools.win32_11.2.0.202008311134/tools/bin/../lib/gcc/arm-none-eabi/9.2.1/../../../../arm-none-eabi/lib/thumb/v8-m.main+fp/hard\libcr_c.a(remove.o)
                0x00008c56                remove
 .text._do_fflush
                0x00008c6a       0x40 d:/programy/mcuxpressoide_11.2.1_4149/ide/plugins/com.nxp.mcuxpresso.tools.win32_11.2.0.202008311134/tools/bin/../lib/gcc/arm-none-eabi/9.2.1/../../../../arm-none-eabi/lib/thumb/v8-m.main+fp/hard\libcr_c.a(_do_fflush.o)
                0x00008c6a                _do_fflush
 .text.__aeabi_division_uldivmod
                0x00008caa      0x174 d:/programy/mcuxpressoide_11.2.1_4149/ide/plugins/com.nxp.mcuxpresso.tools.win32_11.2.0.202008311134/tools/bin/../lib/gcc/arm-none-eabi/9.2.1/thumb/v8-m.main+fp/hard\libcr_eabihelpers.a(division_64.o)
                0x00008caa                __aeabi_uldivmod
                0x00008cae                __bhs_ldivmod1
 .text.__aeabi_division_idiv0
                0x00008e1e        0x2 d:/programy/mcuxpressoide_11.2.1_4149/ide/plugins/com.nxp.mcuxpresso.tools.win32_11.2.0.202008311134/tools/bin/../lib/gcc/arm-none-eabi/9.2.1/thumb/v8-m.main+fp/hard\libcr_eabihelpers.a(division_idiv0.o)
                0x00008e1e                __aeabi_idiv0
 .text.__aeabi_memcpy
                0x00008e20       0x34 d:/programy/mcuxpressoide_11.2.1_4149/ide/plugins/com.nxp.mcuxpresso.tools.win32_11.2.0.202008311134/tools/bin/../lib/gcc/arm-none-eabi/9.2.1/thumb/v8-m.main+fp/hard\libcr_eabihelpers.a(memcpy.o)
                0x00008e20                __aeabi_memcpy
                0x00008e2a                __aeabi_memcpy8
                0x00008e2a                __aeabi_memcpy4
 .text.__aeabi_memset_lowlevel
                0x00008e54       0x32 d:/programy/mcuxpressoide_11.2.1_4149/ide/plugins/com.nxp.mcuxpresso.tools.win32_11.2.0.202008311134/tools/bin/../lib/gcc/arm-none-eabi/9.2.1/thumb/v8-m.main+fp/hard\libcr_eabihelpers.a(memcpy.o)
                0x00008e54                __aeabi_lowlevel_memset
 .text.__sys_close
                0x00008e86        0xc d:/programy/mcuxpressoide_11.2.1_4149/ide/plugins/com.nxp.mcuxpresso.tools.win32_11.2.0.202008311134/tools/bin/../lib/gcc/arm-none-eabi/9.2.1/../../../../arm-none-eabi/lib/thumb/v8-m.main+fp/hard\libcr_semihost_nf.a(__sys_close.o)
                0x00008e86                __sys_close
 .text.__sys_flen
                0x00008e92        0xc d:/programy/mcuxpressoide_11.2.1_4149/ide/plugins/com.nxp.mcuxpresso.tools.win32_11.2.0.202008311134/tools/bin/../lib/gcc/arm-none-eabi/9.2.1/../../../../arm-none-eabi/lib/thumb/v8-m.main+fp/hard\libcr_semihost_nf.a(__sys_flen.o)
                0x00008e92                __sys_flen
 .text.__sys_istty
                0x00008e9e        0xc d:/programy/mcuxpressoide_11.2.1_4149/ide/plugins/com.nxp.mcuxpresso.tools.win32_11.2.0.202008311134/tools/bin/../lib/gcc/arm-none-eabi/9.2.1/../../../../arm-none-eabi/lib/thumb/v8-m.main+fp/hard\libcr_semihost_nf.a(__sys_istty.o)
                0x00008e9e                __sys_istty
 .text.__sys_remove
                0x00008eaa        0xc d:/programy/mcuxpressoide_11.2.1_4149/ide/plugins/com.nxp.mcuxpresso.tools.win32_11.2.0.202008311134/tools/bin/../lib/gcc/arm-none-eabi/9.2.1/../../../../arm-none-eabi/lib/thumb/v8-m.main+fp/hard\libcr_semihost_nf.a(__sys_remove.o)
                0x00008eaa                __sys_remove
 .text.__sys_seek
                0x00008eb6        0xc d:/programy/mcuxpressoide_11.2.1_4149/ide/plugins/com.nxp.mcuxpresso.tools.win32_11.2.0.202008311134/tools/bin/../lib/gcc/arm-none-eabi/9.2.1/../../../../arm-none-eabi/lib/thumb/v8-m.main+fp/hard\libcr_semihost_nf.a(__sys_seek.o)
                0x00008eb6                __sys_seek
 .text.__sys_tmpnam
                0x00008ec2        0xc d:/programy/mcuxpressoide_11.2.1_4149/ide/plugins/com.nxp.mcuxpresso.tools.win32_11.2.0.202008311134/tools/bin/../lib/gcc/arm-none-eabi/9.2.1/../../../../arm-none-eabi/lib/thumb/v8-m.main+fp/hard\libcr_semihost_nf.a(__sys_tmpnam.o)
                0x00008ec2                __sys_tmpnam
 .text.__sys_write
                0x00008ece        0xc d:/programy/mcuxpressoide_11.2.1_4149/ide/plugins/com.nxp.mcuxpresso.tools.win32_11.2.0.202008311134/tools/bin/../lib/gcc/arm-none-eabi/9.2.1/../../../../arm-none-eabi/lib/thumb/v8-m.main+fp/hard\libcr_semihost_nf.a(__sys_write.o)
                0x00008ece                __sys_write
 *(SORT_BY_ALIGNMENT(.rodata) SORT_BY_ALIGNMENT(.rodata.*) SORT_BY_ALIGNMENT(.constdata) SORT_BY_ALIGNMENT(.constdata.*))
 *fill*         0x00008eda        0x2 ff
 .rodata.DbgConsole_SendDataReliable.str1.4
                0x00008edc       0x4e ./utilities/fsl_debug_console.o
 *fill*         0x00008f2a        0x2 ff
 .rodata.DbgConsole_Init.str1.4
                0x00008f2c       0xcb ./utilities/fsl_debug_console.o
 *fill*         0x00008ff7        0x1 ff
 .rodata.s_UsbDeviceStandardRequest
                0x00008ff8       0x34 ./usb/device/source/usb_device_ch9.o
 .rodata.s_UsbDeviceLpc3511IpInterface
                0x0000902c       0x18 ./usb/device/source/usb_device_dci.o
 .rodata.USB_DeviceCdcAcmEvent.str1.4
                0x00009044       0x89 ./usb/device/class/cdc/usb_device_cdc_acm.o
 *fill*         0x000090cd        0x3 ff
 .rodata.USB_DeviceCdcAcmInit.str1.4
                0x000090d0       0x14 ./usb/device/class/cdc/usb_device_cdc_acm.o
 .rodata.USB_DeviceCdcAcmDeinit.str1.4
                0x000090e4       0x15 ./usb/device/class/cdc/usb_device_cdc_acm.o
 *fill*         0x000090f9        0x3 ff
 .rodata.s_UsbDeviceClassInterfaceMap
                0x000090fc       0x20 ./usb/device/class/usb_device_class.o
 .rodata.USB_DeviceClockInit.str1.4
                0x0000911c       0x30 ./source/generated/usb_device_composite.o
 .rodata.USB_DeviceInterface0CicVcomCallback.str1.4
                0x0000914c       0x2e ./source/usb_device_interface_0_cic_vcom.o
 *fill*         0x0000917a        0x2 ff
 .rodata.CLOCK_GetCTimerClkFreq.str1.4
                0x0000917c       0x19 ./drivers/fsl_clock.o
 *fill*         0x00009195        0x3 ff
 .rodata.SDK_DelayAtLeastUs.str1.4
                0x00009198       0x4c ./drivers/fsl_common.o
 .rodata.s_ctimerBases
                0x000091e4       0x14 ./drivers/fsl_ctimer.o
 .rodata.s_ctimerClocks
                0x000091f8        0xa ./drivers/fsl_ctimer.o
 *fill*         0x00009202        0x2 ff
 .rodata.s_ctimerResets
                0x00009204       0x14 ./drivers/fsl_ctimer.o
 .rodata.s_ctimerIRQ
                0x00009218        0x5 ./drivers/fsl_ctimer.o
 *fill*         0x0000921d        0x3 ff
 .rodata.CTIMER_GetInstance.str1.4
                0x00009220       0x2f ./drivers/fsl_ctimer.o
 *fill*         0x0000924f        0x1 ff
 .rodata.CTIMER_Init.str1.4
                0x00009250       0x22 ./drivers/fsl_ctimer.o
 *fill*         0x00009272        0x2 ff
 .rodata.s_flexcommBaseAddrs
                0x00009274       0x24 ./drivers/fsl_flexcomm.o
 .rodata.s_flexcommClocks
                0x00009298       0x12 ./drivers/fsl_flexcomm.o
 *fill*         0x000092aa        0x2 ff
 .rodata.s_flexcommResets
                0x000092ac       0x24 ./drivers/fsl_flexcomm.o
 .rodata.FLEXCOMM_GetInstance.str1.4
                0x000092d0       0x39 ./drivers/fsl_flexcomm.o
 *fill*         0x00009309        0x3 ff
 .rodata.FLEXCOMM0_DriverIRQHandler.str1.4
                0x0000930c       0x2e ./drivers/fsl_flexcomm.o
 *fill*         0x0000933a        0x2 ff
 .rodata.FLEXCOMM1_DriverIRQHandler.str1.4
                0x0000933c       0x2e ./drivers/fsl_flexcomm.o
 *fill*         0x0000936a        0x2 ff
 .rodata.FLEXCOMM2_DriverIRQHandler.str1.4
                0x0000936c       0x2e ./drivers/fsl_flexcomm.o
 *fill*         0x0000939a        0x2 ff
 .rodata.FLEXCOMM3_DriverIRQHandler.str1.4
                0x0000939c       0x2e ./drivers/fsl_flexcomm.o
 *fill*         0x000093ca        0x2 ff
 .rodata.FLEXCOMM4_DriverIRQHandler.str1.4
                0x000093cc       0x2e ./drivers/fsl_flexcomm.o
 *fill*         0x000093fa        0x2 ff
 .rodata.FLEXCOMM5_DriverIRQHandler.str1.4
                0x000093fc       0x2e ./drivers/fsl_flexcomm.o
 *fill*         0x0000942a        0x2 ff
 .rodata.FLEXCOMM6_DriverIRQHandler.str1.4
                0x0000942c       0x2e ./drivers/fsl_flexcomm.o
 *fill*         0x0000945a        0x2 ff
 .rodata.FLEXCOMM7_DriverIRQHandler.str1.4
                0x0000945c       0x2e ./drivers/fsl_flexcomm.o
 *fill*         0x0000948a        0x2 ff
 .rodata.FLEXCOMM8_DriverIRQHandler.str1.4
                0x0000948c       0x2e ./drivers/fsl_flexcomm.o
 *fill*         0x000094ba        0x2 ff
 .rodata.LPADC_GetInstance.str1.4
                0x000094bc       0x36 ./drivers/fsl_lpadc.o
 *fill*         0x000094f2        0x2 ff
 .rodata.LPADC_Init.str1.4
                0x000094f4       0x21 ./drivers/fsl_lpadc.o
 *fill*         0x00009515        0x3 ff
 .rodata.LPADC_GetConvResult.str1.4
                0x00009518       0x22 ./drivers/fsl_lpadc.o
 *fill*         0x0000953a        0x2 ff
 .rodata.LPADC_SetConvTriggerConfig.str1.4
                0x0000953c       0x52 ./drivers/fsl_lpadc.o
 *fill*         0x0000958e        0x2 ff
 .rodata.LPADC_SetConvCommandConfig.str1.4
                0x00009590       0x88 ./drivers/fsl_lpadc.o
 .rodata.LPADC_DoAutoCalibration.str1.4
                0x00009618       0x6a ./drivers/fsl_lpadc.o
 *fill*         0x00009682        0x2 ff
 .rodata.RESET_SetPeripheralReset.str1.4
                0x00009684       0x1f ./drivers/fsl_reset.o
 *fill*         0x000096a3        0x1 ff
 .rodata.RESET_ClearPeripheralReset.str1.4
                0x000096a4       0x1f ./drivers/fsl_reset.o
 *fill*         0x000096c3        0x1 ff
 .rodata.USART_Init.str1.4
                0x000096c4       0x50 ./drivers/fsl_usart.o
 .rodata.USART_GetDefaultConfig.str1.4
                0x00009714       0x22 ./drivers/fsl_usart.o
 *fill*         0x00009736        0x2 ff
 .rodata.USART_SetBaudRate.str1.4
                0x00009738       0x54 ./drivers/fsl_usart.o
 .rodata.USART_WriteBlocking.str1.4
                0x0000978c       0x37 ./drivers/fsl_usart.o
 *fill*         0x000097c3        0x1 ff
 .rodata.s_UsartAdapterBase
                0x000097c4       0x20 ./component/uart/usart_adapter.o
 .rodata.HAL_UartInit.str1.4
                0x000097e4       0xdc ./component/uart/usart_adapter.o
 .rodata.HAL_UartSendBlocking.str1.4
                0x000098c0       0x5a ./component/uart/usart_adapter.o
 *fill*         0x0000991a        0x2 ff
 .rodata.SerialManager_Write.str1.4
                0x0000991c       0x83 ./component/serial_manager/serial_manager.o
 *fill*         0x0000999f        0x1 ff
 .rodata.SerialManager_Init.str1.4
                0x000099a0       0x45 ./component/serial_manager/serial_manager.o
 *fill*         0x000099e5        0x3 ff
 .rodata.SerialManager_OpenWriteHandle.str1.4
                0x000099e8       0x4d ./component/serial_manager/serial_manager.o
 *fill*         0x00009a35        0x3 ff
 .rodata.SerialManager_OpenReadHandle.str1.4
                0x00009a38       0x4c ./component/serial_manager/serial_manager.o
 .rodata.Serial_UartInit.str1.4
                0x00009a84       0x4f ./component/serial_manager/serial_port_uart.o
 *fill*         0x00009ad3        0x1 ff
 .rodata.Serial_UartWrite.str1.4
                0x00009ad4       0x6d ./component/serial_manager/serial_port_uart.o
 *fill*         0x00009b41        0x3 ff
 .rodata.OSA_MutexCreate.str1.4
                0x00009b44       0x2b ./component/osa/fsl_os_abstraction_bm.o
 *fill*         0x00009b6f        0x1 ff
 .rodata.OSA_MutexDestroy.str1.4
                0x00009b70       0x2b ./component/osa/fsl_os_abstraction_bm.o
 *fill*         0x00009b9b        0x1 ff
 .rodata.ADC0_config
                0x00009b9c       0x18 ./board/peripherals.o
                0x00009b9c                ADC0_config
 .rodata.CTIMER0_config
                0x00009bb4        0x8 ./board/peripherals.o
                0x00009bb4                CTIMER0_config
 .rodata.CTIMER0_Match_3_config
                0x00009bbc        0xc ./board/peripherals.o
                0x00009bbc                CTIMER0_Match_3_config
 .rodata.__num_Ciob_streams
                0x00009bc8        0x4 d:/programy/mcuxpressoide_11.2.1_4149/ide/plugins/com.nxp.mcuxpresso.tools.win32_11.2.0.202008311134/tools/bin/../lib/gcc/arm-none-eabi/9.2.1/../../../../arm-none-eabi/lib/thumb/v8-m.main+fp/hard\libcr_semihost_nf.a(__ciob.o)
                0x00009bc8                __num_Ciob_streams
 .rodata.__assertion_failed.str1.1
                0x00009bcc       0x15 d:/programy/mcuxpressoide_11.2.1_4149/ide/plugins/com.nxp.mcuxpresso.tools.win32_11.2.0.202008311134/tools/bin/../lib/gcc/arm-none-eabi/9.2.1/../../../../arm-none-eabi/lib/thumb/v8-m.main+fp/hard\libcr_semihost_nf.a(_cr_assert.o)
 .rodata._Csys_alloc.str1.1
                0x00009be1       0x18 d:/programy/mcuxpressoide_11.2.1_4149/ide/plugins/com.nxp.mcuxpresso.tools.win32_11.2.0.202008311134/tools/bin/../lib/gcc/arm-none-eabi/9.2.1/../../../../arm-none-eabi/lib/thumb/v8-m.main+fp/hard\libcr_c.a(alloc.o)
 .rodata._initio.str1.1
                0x00009bf9        0x4 d:/programy/mcuxpressoide_11.2.1_4149/ide/plugins/com.nxp.mcuxpresso.tools.win32_11.2.0.202008311134/tools/bin/../lib/gcc/arm-none-eabi/9.2.1/../../../../arm-none-eabi/lib/thumb/v8-m.main+fp/hard\libcr_c.a(initio.o)
                0x00009c00                . = ALIGN (0x4)
 *fill*         0x00009bfd        0x3 ff

.glue_7         0x00009c00        0x0
 .glue_7        0x00009c00        0x0 linker stubs

.glue_7t        0x00009c00        0x0
 .glue_7t       0x00009c00        0x0 linker stubs

.vfp11_veneer   0x00009c00        0x0
 .vfp11_veneer  0x00009c00        0x0 linker stubs

.v4_bx          0x00009c00        0x0
 .v4_bx         0x00009c00        0x0 linker stubs

.iplt           0x00009c00        0x0
 .iplt          0x00009c00        0x0 ./utilities/fsl_debug_console.o

.rel.dyn        0x00009c00        0x0
 .rel.iplt      0x00009c00        0x0 ./utilities/fsl_debug_console.o

.ARM.extab
 *(SORT_BY_ALIGNMENT(.ARM.extab*) SORT_BY_ALIGNMENT(.gnu.linkonce.armextab.*))

.ARM.exidx      0x00009c00        0x0
                0x00009c00                __exidx_start = .
 *(SORT_BY_ALIGNMENT(.ARM.exidx*) SORT_BY_ALIGNMENT(.gnu.linkonce.armexidx.*))
                0x00009c00                __exidx_end = .
                0x00009c00                _etext = .

.m_usb_data     0x40100000     0x16d8
 *(SORT_BY_ALIGNMENT(m_usb_global))
 m_usb_global   0x40100000     0x1560 ./usb/device/source/lpcip3511/usb_device_lpcip3511.o
 *fill*         0x40101560       0x20 
 m_usb_global   0x40101580       0x68 ./usb/device/class/cdc/usb_device_cdc_acm.o
 *fill*         0x401015e8       0x18 
 m_usb_global   0x40101600       0x80 ./usb/device/class/usb_device_class.o
 m_usb_global   0x40101680       0x58 ./usb/device/source/usb_device_dci.o

.data_RAM2      0x20040000        0x0 load address 0x00009c00
 FILL mask 0xff
                [!provide]                PROVIDE (__start_data_RAM2 = .)
                [!provide]                PROVIDE (__start_data_SRAM4 = .)
 *(SORT_BY_ALIGNMENT(.ramfunc.$RAM2))
 *(SORT_BY_ALIGNMENT(.ramfunc.$SRAM4))
 *(SORT_BY_ALIGNMENT(.data.$RAM2))
 *(SORT_BY_ALIGNMENT(.data.$SRAM4))
 *(SORT_BY_ALIGNMENT(.data.$RAM2.*))
 *(SORT_BY_ALIGNMENT(.data.$SRAM4.*))
                0x20040000                . = ALIGN (0x4)
                [!provide]                PROVIDE (__end_data_RAM2 = .)
                [!provide]                PROVIDE (__end_data_SRAM4 = .)

.data_RAM3      0x04000000        0x0 load address 0x00009c00
 FILL mask 0xff
                [!provide]                PROVIDE (__start_data_RAM3 = .)
                [!provide]                PROVIDE (__start_data_SRAMX = .)
 *(SORT_BY_ALIGNMENT(.ramfunc.$RAM3))
 *(SORT_BY_ALIGNMENT(.ramfunc.$SRAMX))
 *(SORT_BY_ALIGNMENT(.data.$RAM3))
 *(SORT_BY_ALIGNMENT(.data.$SRAMX))
 *(SORT_BY_ALIGNMENT(.data.$RAM3.*))
 *(SORT_BY_ALIGNMENT(.data.$SRAMX.*))
                0x04000000                . = ALIGN (0x4)
                [!provide]                PROVIDE (__end_data_RAM3 = .)
                [!provide]                PROVIDE (__end_data_SRAMX = .)

.data_RAM4      0x401016d8        0x0 load address 0x00009c00
 FILL mask 0xff
                [!provide]                PROVIDE (__start_data_RAM4 = .)
                [!provide]                PROVIDE (__start_data_USB_RAM = .)
 *(SORT_BY_ALIGNMENT(.ramfunc.$RAM4))
 *(SORT_BY_ALIGNMENT(.ramfunc.$USB_RAM))
 *(SORT_BY_ALIGNMENT(.data.$RAM4))
 *(SORT_BY_ALIGNMENT(.data.$USB_RAM))
 *(SORT_BY_ALIGNMENT(.data.$RAM4.*))
 *(SORT_BY_ALIGNMENT(.data.$USB_RAM.*))
                0x401016d8                . = ALIGN (0x4)
                [!provide]                PROVIDE (__end_data_RAM4 = .)
                [!provide]                PROVIDE (__end_data_USB_RAM = .)

.uninit_RESERVED
                0x20000000        0x0
                0x20000000                _start_uninit_RESERVED = .
 *(SORT_BY_ALIGNMENT(.bss.$RESERVED*))
                0x20000000                . = ALIGN (0x4)
                0x20000000                _end_uninit_RESERVED = .

.data           0x20000000      0x27c load address 0x00009c00
 FILL mask 0xff
                0x20000000                _data = .
                [!provide]                PROVIDE (__start_data_RAM = .)
                [!provide]                PROVIDE (__start_data_SRAM = .)
 *(SORT_BY_ALIGNMENT(vtable))
 *(SORT_BY_ALIGNMENT(.ramfunc*))
 *(SORT_BY_ALIGNMENT(CodeQuickAccess))
 *(SORT_BY_ALIGNMENT(DataQuickAccess))
 *(SORT_BY_ALIGNMENT(RamFunction))
 *(SORT_BY_ALIGNMENT(.data*))
 .data.g_UsbDeviceDescriptor
                0x20000000       0x12 ./source/generated/usb_device_descriptor.o
                0x20000000                g_UsbDeviceDescriptor
 *fill*         0x20000012       0x2e ff
 .data.g_UsbDeviceConfigurationDescriptor
                0x20000040       0x4b ./source/generated/usb_device_descriptor.o
                0x20000040                g_UsbDeviceConfigurationDescriptor
 *fill*         0x2000008b       0x35 ff
 .data.g_UsbDeviceString0
                0x200000c0        0x4 ./source/generated/usb_device_descriptor.o
                0x200000c0                g_UsbDeviceString0
 *fill*         0x200000c4       0x3c ff
 .data.g_UsbDeviceString1
                0x20000100        0x8 ./source/generated/usb_device_descriptor.o
                0x20000100                g_UsbDeviceString1
 *fill*         0x20000108       0x38 ff
 .data.g_UsbDeviceString2
                0x20000140       0x14 ./source/generated/usb_device_descriptor.o
                0x20000140                g_UsbDeviceString2
 *fill*         0x20000154       0x2c ff
 .data.s_lineCoding
                0x20000180        0x7 ./source/usb_device_interface_0_cic_vcom.o
 *fill*         0x20000187        0x1 ff
 .data.g_CompositeClassConfig
                0x20000188       0x18 ./source/generated/usb_device_composite.o
                0x20000188                g_CompositeClassConfig
 .data.g_UsbDeviceCompositeConfigList
                0x200001a0        0xc ./source/generated/usb_device_composite.o
                0x200001a0                g_UsbDeviceCompositeConfigList
 .data.g_UsbDeviceInterface0CicVcomSetting0DefaultEndpoints
                0x200001ac        0x6 ./source/generated/usb_device_descriptor.o
                0x200001ac                g_UsbDeviceInterface0CicVcomSetting0DefaultEndpoints
 *fill*         0x200001b2        0x2 ff
 .data.g_UsbDeviceInterface0CicVcomInterface
                0x200001b4       0x10 ./source/generated/usb_device_descriptor.o
                0x200001b4                g_UsbDeviceInterface0CicVcomInterface
 .data.g_UsbDeviceInterface1DicVcomSetting0DefaultEndpoints
                0x200001c4        0xc ./source/generated/usb_device_descriptor.o
                0x200001c4                g_UsbDeviceInterface1DicVcomSetting0DefaultEndpoints
 .data.g_UsbDeviceInterface1DicVcomInterface
                0x200001d0       0x10 ./source/generated/usb_device_descriptor.o
                0x200001d0                g_UsbDeviceInterface1DicVcomInterface
 .data.g_UsbDeviceInterface0CicVcomInterfaces
                0x200001e0       0x18 ./source/generated/usb_device_descriptor.o
                0x200001e0                g_UsbDeviceInterface0CicVcomInterfaces
 .data.g_UsbDeviceInterface0CicVcomInterfaceList
                0x200001f8        0x8 ./source/generated/usb_device_descriptor.o
                0x200001f8                g_UsbDeviceInterface0CicVcomInterfaceList
 .data.g_UsbDeviceInterface0CicVcomConfig
                0x20000200        0x8 ./source/generated/usb_device_descriptor.o
                0x20000200                g_UsbDeviceInterface0CicVcomConfig
 .data.g_UsbDeviceStringDescriptorLength
                0x20000208        0xc ./source/generated/usb_device_descriptor.o
                0x20000208                g_UsbDeviceStringDescriptorLength
 .data.g_UsbDeviceStringDescriptorArray
                0x20000214        0xc ./source/generated/usb_device_descriptor.o
                0x20000214                g_UsbDeviceStringDescriptorArray
 .data.g_UsbDeviceLanguage
                0x20000220        0xc ./source/generated/usb_device_descriptor.o
                0x20000220                g_UsbDeviceLanguage
 .data.g_UsbDeviceLanguageList
                0x2000022c       0x10 ./source/generated/usb_device_descriptor.o
                0x2000022c                g_UsbDeviceLanguageList
 .data.data     0x2000023c        0x4 ./source/usb_device_interface_0_cic_vcom.o
                0x2000023c                data
 .data.s_Ext_Clk_Freq
                0x20000240        0x4 ./drivers/fsl_clock.o
 .data.SystemCoreClock
                0x20000244        0x4 ./device/system_LPC55S69_cm33_core0.o
                0x20000244                SystemCoreClock
 .data.ADC0_commandsConfig
                0x20000248       0x24 ./board/peripherals.o
                0x20000248                ADC0_commandsConfig
 .data.ADC0_triggersConfig
                0x2000026c       0x10 ./board/peripherals.o
                0x2000026c                ADC0_triggersConfig
                0x2000027c                . = ALIGN (0x4)
                0x2000027c                _edata = .
                [!provide]                PROVIDE (__end_data_RAM = .)
                [!provide]                PROVIDE (__end_data_SRAM = .)

.igot.plt       0x2000027c        0x0 load address 0x00009e7c
 .igot.plt      0x2000027c        0x0 ./utilities/fsl_debug_console.o

.bss_RAM2       0x20040000        0x0
                [!provide]                PROVIDE (__start_bss_RAM2 = .)
                [!provide]                PROVIDE (__start_bss_SRAM4 = .)
 *(SORT_BY_ALIGNMENT(.bss.$RAM2))
 *(SORT_BY_ALIGNMENT(.bss.$SRAM4))
 *(SORT_BY_ALIGNMENT(.bss.$RAM2.*))
 *(SORT_BY_ALIGNMENT(.bss.$SRAM4.*))
                0x20040000                . = ALIGN ((. != 0x0)?0x4:0x1)
                [!provide]                PROVIDE (__end_bss_RAM2 = .)
                [!provide]                PROVIDE (__end_bss_SRAM4 = .)

.bss_RAM3       0x04000000        0x0
                [!provide]                PROVIDE (__start_bss_RAM3 = .)
                [!provide]                PROVIDE (__start_bss_SRAMX = .)
 *(SORT_BY_ALIGNMENT(.bss.$RAM3))
 *(SORT_BY_ALIGNMENT(.bss.$SRAMX))
 *(SORT_BY_ALIGNMENT(.bss.$RAM3.*))
 *(SORT_BY_ALIGNMENT(.bss.$SRAMX.*))
                0x04000000                . = ALIGN ((. != 0x0)?0x4:0x1)
                [!provide]                PROVIDE (__end_bss_RAM3 = .)
                [!provide]                PROVIDE (__end_bss_SRAMX = .)

.bss_RAM4       0x401016d8        0x0
                [!provide]                PROVIDE (__start_bss_RAM4 = .)
                [!provide]                PROVIDE (__start_bss_USB_RAM = .)
 *(SORT_BY_ALIGNMENT(.bss.$RAM4))
 *(SORT_BY_ALIGNMENT(.bss.$USB_RAM))
 *(SORT_BY_ALIGNMENT(.bss.$RAM4.*))
 *(SORT_BY_ALIGNMENT(.bss.$USB_RAM.*))
                0x401016d8                . = ALIGN ((. != 0x0)?0x4:0x1)
                [!provide]                PROVIDE (__end_bss_RAM4 = .)
                [!provide]                PROVIDE (__end_bss_USB_RAM = .)

.bss            0x20000280      0xa54
                0x20000280                _bss = .
                [!provide]                PROVIDE (__start_bss_RAM = .)
                [!provide]                PROVIDE (__start_bss_SRAM = .)
 *(SORT_BY_ALIGNMENT(.bss*))
 .bss.s_abstractState
                0x20000280        0x2 ./source/usb_device_interface_0_cic_vcom.o
 *fill*         0x20000282       0x3e 
 .bss.s_countryCode
                0x200002c0        0x2 ./source/usb_device_interface_0_cic_vcom.o
 *fill*         0x200002c2       0x3e 
 .bss.s_usbCdcAcmInfo
                0x20000300       0x12 ./source/usb_device_interface_0_cic_vcom.o
 *fill*         0x20000312       0x2e 
 .bss.s_currRecvBuf
                0x20000340      0x200 ./source/usb_device_interface_0_cic_vcom.o
 .bss.s_currSendBuf
                0x20000540      0x400 ./source/usb_device_interface_0_cic_vcom.o
 .bss.s_recvSize
                0x20000940        0x4 ./source/usb_device_interface_0_cic_vcom.o
 *fill*         0x20000944       0x3c 
 .bss.s_UsbDeviceComposite
                0x20000980        0x4 ./source/usb_device_interface_0_cic_vcom.o
 *fill*         0x20000984       0x3c 
 .bss.s_UsbInterface0CicVcom
                0x200009c0        0x8 ./source/usb_device_interface_0_cic_vcom.o
 .bss.g_UsbDeviceComposite
                0x200009c8       0x28 ./source/generated/usb_device_composite.o
                0x200009c8                g_UsbDeviceComposite
 .bss.s_debugConsoleState
                0x200009f0       0x1c ./utilities/fsl_debug_console.o
 .bss.g_serialHandle
                0x20000a0c        0x4 ./utilities/fsl_debug_console.o
                0x20000a0c                g_serialHandle
 .bss.s_UsbDeviceLpc3511IpState
                0x20000a10      0x17c ./usb/device/source/lpcip3511/usb_device_lpcip3511.o
 .bss.g_LpadcResultConfigStruct
                0x20000b8c       0x10 ./source/usb_device_interface_0_cic_vcom.o
                0x20000b8c                g_LpadcResultConfigStruct
 .bss.wr        0x20000b9c        0x4 ./source/usb_device_interface_0_cic_vcom.o
                0x20000b9c                wr
 .bss.s_Pll0_Freq
                0x20000ba0        0x4 ./drivers/fsl_clock.o
 .bss.s_Pll1_Freq
                0x20000ba4        0x4 ./drivers/fsl_clock.o
 .bss.s_I2S_Mclk_Freq
                0x20000ba8        0x4 ./drivers/fsl_clock.o
 .bss.s_ctimerCallback
                0x20000bac       0x14 ./drivers/fsl_ctimer.o
 .bss.ctimerCallbackType
                0x20000bc0        0x5 ./drivers/fsl_ctimer.o
 *fill*         0x20000bc5        0x3 
 .bss.s_flexcommIrqHandler
                0x20000bc8       0x24 ./drivers/fsl_flexcomm.o
 .bss.s_flexcommHandle
                0x20000bec       0x24 ./drivers/fsl_flexcomm.o
 .bss.__Ciob    0x20000c10       0xb4 d:/programy/mcuxpressoide_11.2.1_4149/ide/plugins/com.nxp.mcuxpresso.tools.win32_11.2.0.202008311134/tools/bin/../lib/gcc/arm-none-eabi/9.2.1/../../../../arm-none-eabi/lib/thumb/v8-m.main+fp/hard\libcr_semihost_nf.a(__ciob.o)
                0x20000c10                __Ciob
 .bss.__end_of_heap
                0x20000cc4        0x4 d:/programy/mcuxpressoide_11.2.1_4149/ide/plugins/com.nxp.mcuxpresso.tools.win32_11.2.0.202008311134/tools/bin/../lib/gcc/arm-none-eabi/9.2.1/../../../../arm-none-eabi/lib/thumb/v8-m.main+fp/hard\libcr_c.a(__init_alloc.o)
                0x20000cc4                __end_of_heap
 .bss.__heaps   0x20000cc8        0x4 d:/programy/mcuxpressoide_11.2.1_4149/ide/plugins/com.nxp.mcuxpresso.tools.win32_11.2.0.202008311134/tools/bin/../lib/gcc/arm-none-eabi/9.2.1/../../../../arm-none-eabi/lib/thumb/v8-m.main+fp/hard\libcr_c.a(__init_alloc.o)
                0x20000cc8                __heaps
 .bss.errno     0x20000ccc        0x4 d:/programy/mcuxpressoide_11.2.1_4149/ide/plugins/com.nxp.mcuxpresso.tools.win32_11.2.0.202008311134/tools/bin/../lib/gcc/arm-none-eabi/9.2.1/../../../../arm-none-eabi/lib/thumb/v8-m.main+fp/hard\libcr_c.a(errno.o)
                0x20000ccc                errno
 .bss.dataCapture
                0x20000cd0        0x1 ./source/usb_device_interface_0_cic_vcom.o
                0x20000cd0                dataCapture
 .bss.captureReady1
                0x20000cd1        0x1 ./source/usb_device_interface_0_cic_vcom.o
                0x20000cd1                captureReady1
 .bss.captureReady2
                0x20000cd2        0x1 ./source/usb_device_interface_0_cic_vcom.o
                0x20000cd2                captureReady2
 *(SORT_BY_ALIGNMENT(COMMON))
                0x20000cd4                . = ALIGN (0x4)
 *fill*         0x20000cd3        0x1 
                0x20000cd4                _ebss = .
                [!provide]                PROVIDE (__end_bss_RAM = .)
                [!provide]                PROVIDE (__end_bss_SRAM = .)
                [!provide]                PROVIDE (end = .)

.noinit_RAM2    0x20040000        0x0
                [!provide]                PROVIDE (__start_noinit_RAM2 = .)
                [!provide]                PROVIDE (__start_noinit_SRAM4 = .)
 *(SORT_BY_ALIGNMENT(.noinit.$RAM2))
 *(SORT_BY_ALIGNMENT(.noinit.$SRAM4))
 *(SORT_BY_ALIGNMENT(.noinit.$RAM2.*))
 *(SORT_BY_ALIGNMENT(.noinit.$SRAM4.*))
                0x20040000                . = ALIGN (0x4)
                [!provide]                PROVIDE (__end_noinit_RAM2 = .)
                [!provide]                PROVIDE (__end_noinit_SRAM4 = .)

.noinit_RAM3    0x04000000        0x0
                [!provide]                PROVIDE (__start_noinit_RAM3 = .)
                [!provide]                PROVIDE (__start_noinit_SRAMX = .)
 *(SORT_BY_ALIGNMENT(.noinit.$RAM3))
 *(SORT_BY_ALIGNMENT(.noinit.$SRAMX))
 *(SORT_BY_ALIGNMENT(.noinit.$RAM3.*))
 *(SORT_BY_ALIGNMENT(.noinit.$SRAMX.*))
                0x04000000                . = ALIGN (0x4)
                [!provide]                PROVIDE (__end_noinit_RAM3 = .)
                [!provide]                PROVIDE (__end_noinit_SRAMX = .)

.noinit_RAM4    0x401016d8        0x0
                [!provide]                PROVIDE (__start_noinit_RAM4 = .)
                [!provide]                PROVIDE (__start_noinit_USB_RAM = .)
 *(SORT_BY_ALIGNMENT(.noinit.$RAM4))
 *(SORT_BY_ALIGNMENT(.noinit.$USB_RAM))
 *(SORT_BY_ALIGNMENT(.noinit.$RAM4.*))
 *(SORT_BY_ALIGNMENT(.noinit.$USB_RAM.*))
                0x401016d8                . = ALIGN (0x4)
                [!provide]                PROVIDE (__end_noinit_RAM4 = .)
                [!provide]                PROVIDE (__end_noinit_USB_RAM = .)

.noinit         0x20000cd4        0x0
                0x20000cd4                _noinit = .
                [!provide]                PROVIDE (__start_noinit_RAM = .)
                [!provide]                PROVIDE (__start_noinit_SRAM = .)
 *(SORT_BY_ALIGNMENT(.noinit*))
                0x20000cd4                . = ALIGN (0x4)
                0x20000cd4                _end_noinit = .
                [!provide]                PROVIDE (__end_noinit_RAM = .)
                [!provide]                PROVIDE (__end_noinit_SRAM = .)
                0x00001000                _HeapSize = 0x1000

.heap           0x20000cd4     0x1000
                0x20000cd4                _pvHeapStart = .
                0x20001cd4                . = (. + _HeapSize)
 *fill*         0x20000cd4     0x1000 
                0x20001cd4                . = ALIGN (0x4)
                0x20001cd4                _pvHeapLimit = .
                0x00001000                _StackSize = 0x1000

.heap2stackfill
                0x20001cd4     0x1000
                0x20002cd4                . = (. + _StackSize)
 *fill*         0x20001cd4     0x1000 

.stack          0x2003f000        0x0
                0x2003f000                _vStackBase = .
                0x2003f000                . = ALIGN (0x4)
                0x20040000                _vStackTop = (. + _StackSize)
                [!provide]                PROVIDE (__valid_user_code_checksum = (0x0 - ((((((_vStackTop + (ResetISR + 0x1)) + (NMI_Handler + 0x1)) + (HardFault_Handler + 0x1)) + (DEFINED (MemManage_Handler)?MemManage_Handler:0x0 + 0x1)) + (DEFINED (BusFault_Handler)?BusFault_Handler:0x0 + 0x1)) + (DEFINED (UsageFault_Handler)?UsageFault_Handler:0x0 + 0x1))))
                0x00000000                _image_start = LOADADDR (.text)
                0x00009e7c                _image_end = (LOADADDR (.data) + SIZEOF (.data))
                0x00009e7c                _image_size = (_image_end - _image_start)
OUTPUT(ODP_MeansViewUSB.axf elf32-littlearm)

.debug_info     0x00000000    0x27285
 .debug_info    0x00000000      0xae1 ./utilities/fsl_debug_console.o
 .debug_info    0x00000ae1      0xae1 ./utilities/fsl_str.o
 .debug_info    0x000015c2      0x727 ./usb/phy/usb_phy.o
 .debug_info    0x00001ce9     0x1a79 ./usb/device/source/lpcip3511/usb_device_lpcip3511.o
 .debug_info    0x00003762     0x16c9 ./usb/device/source/usb_device_ch9.o
 .debug_info    0x00004e2b     0x13f5 ./usb/device/source/usb_device_dci.o
 .debug_info    0x00006220     0x126d ./usb/device/class/cdc/usb_device_cdc_acm.o
 .debug_info    0x0000748d      0xfd0 ./usb/device/class/usb_device_class.o
 .debug_info    0x0000845d      0x6fb ./startup/startup_lpc55s69_cm33_core0.o
 .debug_info    0x00008b58     0x273d ./source/generated/usb_device_composite.o
 .debug_info    0x0000b295     0x10a9 ./source/generated/usb_device_descriptor.o
 .debug_info    0x0000c33e      0xc41 ./source/main.o
 .debug_info    0x0000cf7f       0x3c ./source/semihost_hardfault.o
 .debug_info    0x0000cfbb     0x18c0 ./source/usb_device_interface_0_cic_vcom.o
 .debug_info    0x0000e87b     0x31a0 ./drivers/fsl_clock.o
 .debug_info    0x00011a1b      0x2a8 ./drivers/fsl_common.o
 .debug_info    0x00011cc3     0x21a0 ./drivers/fsl_ctimer.o
 .debug_info    0x00013e63     0x19ec ./drivers/fsl_flexcomm.o
 .debug_info    0x0001584f     0x171a ./drivers/fsl_gpio.o
 .debug_info    0x00016f69     0x1e1c ./drivers/fsl_lpadc.o
 .debug_info    0x00018d85      0xf17 ./drivers/fsl_reset.o
 .debug_info    0x00019c9c     0x1738 ./drivers/fsl_usart.o
 .debug_info    0x0001b3d4     0x13b5 ./device/system_LPC55S69_cm33_core0.o
 .debug_info    0x0001c789      0xda4 ./component/uart/usart_adapter.o
 .debug_info    0x0001d52d      0x8bc ./component/serial_manager/serial_manager.o
 .debug_info    0x0001dde9      0x565 ./component/serial_manager/serial_port_uart.o
 .debug_info    0x0001e34e     0x1010 ./component/osa/fsl_os_abstraction_bm.o
 .debug_info    0x0001f35e      0x886 ./board/board.o
 .debug_info    0x0001fbe4     0x198a ./board/clock_config.o
 .debug_info    0x0002156e     0x1676 ./board/peripherals.o
 .debug_info    0x00022be4     0x11db ./board/pin_mux.o